Archive member included to satisfy reference by file (symbol)

/usr/lib/gcc/arm-none-eabi/6.3.1/../../../arm-none-eabi/lib/thumb/v7e-m/fpv4-sp/hard/libc_nano.a(lib_a-atexit.o)
                              /usr/lib/gcc/arm-none-eabi/6.3.1/../../../arm-none-eabi/lib/thumb/v7e-m/fpv4-sp/hard/crt0.o (atexit)
/usr/lib/gcc/arm-none-eabi/6.3.1/../../../arm-none-eabi/lib/thumb/v7e-m/fpv4-sp/hard/libc_nano.a(lib_a-exit.o)
                              /usr/lib/gcc/arm-none-eabi/6.3.1/../../../arm-none-eabi/lib/thumb/v7e-m/fpv4-sp/hard/crt0.o (exit)
/usr/lib/gcc/arm-none-eabi/6.3.1/../../../arm-none-eabi/lib/thumb/v7e-m/fpv4-sp/hard/libc_nano.a(lib_a-fini.o)
                              /usr/lib/gcc/arm-none-eabi/6.3.1/../../../arm-none-eabi/lib/thumb/v7e-m/fpv4-sp/hard/crt0.o (__libc_fini_array)
/usr/lib/gcc/arm-none-eabi/6.3.1/../../../arm-none-eabi/lib/thumb/v7e-m/fpv4-sp/hard/libc_nano.a(lib_a-impure.o)
                              /usr/lib/gcc/arm-none-eabi/6.3.1/../../../arm-none-eabi/lib/thumb/v7e-m/fpv4-sp/hard/libc_nano.a(lib_a-exit.o) (_global_impure_ptr)
/usr/lib/gcc/arm-none-eabi/6.3.1/../../../arm-none-eabi/lib/thumb/v7e-m/fpv4-sp/hard/libc_nano.a(lib_a-init.o)
                              /usr/lib/gcc/arm-none-eabi/6.3.1/../../../arm-none-eabi/lib/thumb/v7e-m/fpv4-sp/hard/crt0.o (__libc_init_array)
/usr/lib/gcc/arm-none-eabi/6.3.1/../../../arm-none-eabi/lib/thumb/v7e-m/fpv4-sp/hard/libc_nano.a(lib_a-memset.o)
                              /usr/lib/gcc/arm-none-eabi/6.3.1/../../../arm-none-eabi/lib/thumb/v7e-m/fpv4-sp/hard/crt0.o (memset)
/usr/lib/gcc/arm-none-eabi/6.3.1/../../../arm-none-eabi/lib/thumb/v7e-m/fpv4-sp/hard/libc_nano.a(lib_a-__atexit.o)
                              /usr/lib/gcc/arm-none-eabi/6.3.1/../../../arm-none-eabi/lib/thumb/v7e-m/fpv4-sp/hard/libc_nano.a(lib_a-atexit.o) (__register_exitproc)
/usr/lib/gcc/arm-none-eabi/6.3.1/../../../arm-none-eabi/lib/thumb/v7e-m/fpv4-sp/hard/libc_nano.a(lib_a-__call_atexit.o)
                              /usr/lib/gcc/arm-none-eabi/6.3.1/../../../arm-none-eabi/lib/thumb/v7e-m/fpv4-sp/hard/libc_nano.a(lib_a-__atexit.o) (__call_exitprocs)
/usr/lib/gcc/arm-none-eabi/6.3.1/thumb/v7e-m/fpv4-sp/hard/libgcc.a(_aeabi_uldivmod.o)
                              ./build/stm32l4xx_hal_uart.o (__aeabi_uldivmod)
/usr/lib/gcc/arm-none-eabi/6.3.1/thumb/v7e-m/fpv4-sp/hard/libgcc.a(_udivmoddi4.o)
                              /usr/lib/gcc/arm-none-eabi/6.3.1/thumb/v7e-m/fpv4-sp/hard/libgcc.a(_aeabi_uldivmod.o) (__udivmoddi4)
/usr/lib/gcc/arm-none-eabi/6.3.1/thumb/v7e-m/fpv4-sp/hard/libgcc.a(_dvmd_tls.o)
                              /usr/lib/gcc/arm-none-eabi/6.3.1/thumb/v7e-m/fpv4-sp/hard/libgcc.a(_aeabi_uldivmod.o) (__aeabi_ldiv0)
/usr/lib/gcc/arm-none-eabi/6.3.1/../../../arm-none-eabi/lib/thumb/v7e-m/fpv4-sp/hard/libc_nano.a(lib_a-strlen.o)
                              ./build/main.o (strlen)
/usr/lib/gcc/arm-none-eabi/6.3.1/../../../arm-none-eabi/lib/thumb/v7e-m/fpv4-sp/hard/libnosys.a(_exit.o)
                              /usr/lib/gcc/arm-none-eabi/6.3.1/../../../arm-none-eabi/lib/thumb/v7e-m/fpv4-sp/hard/libc_nano.a(lib_a-exit.o) (_exit)

Allocating common symbols
Common symbol       size              file

pBufferReadyForReception
                    0x4               ./build/main.o
aRXBufferA          0xa               ./build/main.o
pBufferReadyForUser
                    0x4               ./build/main.o
UartHandle          0x80              ./build/main.o
uwTick              0x4               ./build/stm32l4xx_hal.o
aRXBufferB          0xa               ./build/main.o

Memory Configuration

Name             Origin             Length             Attributes
FLASH            0x0000000008000000 0x0000000000100000 xr
RAM              0x0000000020000000 0x0000000000018000 xrw
*default*        0x0000000000000000 0xffffffffffffffff

Linker script and memory map

LOAD /usr/lib/gcc/arm-none-eabi/6.3.1/thumb/v7e-m/fpv4-sp/hard/crti.o
LOAD /usr/lib/gcc/arm-none-eabi/6.3.1/thumb/v7e-m/fpv4-sp/hard/crtbegin.o
LOAD /usr/lib/gcc/arm-none-eabi/6.3.1/../../../arm-none-eabi/lib/thumb/v7e-m/fpv4-sp/hard/crt0.o
START GROUP
LOAD /usr/lib/gcc/arm-none-eabi/6.3.1/../../../arm-none-eabi/lib/thumb/v7e-m/fpv4-sp/hard/libc_nano.a
LOAD /usr/lib/gcc/arm-none-eabi/6.3.1/../../../arm-none-eabi/lib/thumb/v7e-m/fpv4-sp/hard/libm.a
END GROUP
LOAD ./build/main.o
LOAD ./build/stm32l4xx_it.o
LOAD ./build/stm32l4xx_hal.o
LOAD ./build/stm32l4xx_hal_cortex.o
LOAD ./build/stm32l4xx_hal_rcc.o
LOAD ./build/stm32l4xx_hal_pwr_ex.o
LOAD ./build/stm32l4xx_hal_gpio.o
LOAD ./build/stm32l4xx_hal_pwr.o
LOAD ./build/stm32l4xx_hal_uart.o
LOAD ./build/stm32l4xx_hal_dma.o
LOAD ./build/stm32l4xx_hal_uart_ex.o
LOAD ./build/stm32l4xx_nucleo.o
LOAD ./build/stm32l4xx_hal_wwdg.o
LOAD ./build/system_stm32l4xx.o
LOAD build/stm32l476_startup.o
START GROUP
LOAD /usr/lib/gcc/arm-none-eabi/6.3.1/thumb/v7e-m/fpv4-sp/hard/libgcc.a
LOAD /usr/lib/gcc/arm-none-eabi/6.3.1/../../../arm-none-eabi/lib/thumb/v7e-m/fpv4-sp/hard/libc_nano.a
END GROUP
START GROUP
LOAD /usr/lib/gcc/arm-none-eabi/6.3.1/thumb/v7e-m/fpv4-sp/hard/libgcc.a
LOAD /usr/lib/gcc/arm-none-eabi/6.3.1/../../../arm-none-eabi/lib/thumb/v7e-m/fpv4-sp/hard/libc_nano.a
LOAD /usr/lib/gcc/arm-none-eabi/6.3.1/../../../arm-none-eabi/lib/thumb/v7e-m/fpv4-sp/hard/libnosys.a
END GROUP
START GROUP
LOAD /usr/lib/gcc/arm-none-eabi/6.3.1/thumb/v7e-m/fpv4-sp/hard/libgcc.a
LOAD /usr/lib/gcc/arm-none-eabi/6.3.1/../../../arm-none-eabi/lib/thumb/v7e-m/fpv4-sp/hard/libc_nano.a
LOAD /usr/lib/gcc/arm-none-eabi/6.3.1/../../../arm-none-eabi/lib/thumb/v7e-m/fpv4-sp/hard/libnosys.a
END GROUP
LOAD /usr/lib/gcc/arm-none-eabi/6.3.1/thumb/v7e-m/fpv4-sp/hard/crtend.o
LOAD /usr/lib/gcc/arm-none-eabi/6.3.1/thumb/v7e-m/fpv4-sp/hard/crtn.o
                0x0000000020018000                _estack = 0x20018000
                0x0000000000000200                _Min_Heap_Size = 0x200
                0x0000000000000400                _Min_Stack_Size = 0x400

.isr_vector     0x0000000008000000      0x188
                0x0000000008000000                . = ALIGN (0x8)
 *(.isr_vector)
 .isr_vector    0x0000000008000000      0x188 build/stm32l476_startup.o
                0x0000000008000000                g_pfnVectors
                0x0000000008000188                . = ALIGN (0x8)

.text           0x00000000080001c0     0x4328
                0x00000000080001c0                . = ALIGN (0x8)
 *(.text)
 .text          0x00000000080001c0        0x0 /usr/lib/gcc/arm-none-eabi/6.3.1/thumb/v7e-m/fpv4-sp/hard/crti.o
 .text          0x00000000080001c0       0xa4 /usr/lib/gcc/arm-none-eabi/6.3.1/thumb/v7e-m/fpv4-sp/hard/crtbegin.o
 .text          0x0000000008000264       0x68 /usr/lib/gcc/arm-none-eabi/6.3.1/../../../arm-none-eabi/lib/thumb/v7e-m/fpv4-sp/hard/crt0.o
                0x0000000008000264                _mainCRTStartup
                0x0000000008000264                _start
 .text          0x00000000080002cc        0xc /usr/lib/gcc/arm-none-eabi/6.3.1/../../../arm-none-eabi/lib/thumb/v7e-m/fpv4-sp/hard/libc_nano.a(lib_a-atexit.o)
                0x00000000080002cc                atexit
 .text          0x00000000080002d8       0x28 /usr/lib/gcc/arm-none-eabi/6.3.1/../../../arm-none-eabi/lib/thumb/v7e-m/fpv4-sp/hard/libc_nano.a(lib_a-exit.o)
                0x00000000080002d8                exit
 .text          0x0000000008000300       0x34 /usr/lib/gcc/arm-none-eabi/6.3.1/../../../arm-none-eabi/lib/thumb/v7e-m/fpv4-sp/hard/libc_nano.a(lib_a-fini.o)
                0x0000000008000300                __libc_fini_array
 .text          0x0000000008000334        0x0 /usr/lib/gcc/arm-none-eabi/6.3.1/../../../arm-none-eabi/lib/thumb/v7e-m/fpv4-sp/hard/libc_nano.a(lib_a-impure.o)
 .text          0x0000000008000334       0x50 /usr/lib/gcc/arm-none-eabi/6.3.1/../../../arm-none-eabi/lib/thumb/v7e-m/fpv4-sp/hard/libc_nano.a(lib_a-init.o)
                0x0000000008000334                __libc_init_array
 .text          0x0000000008000384       0x9c /usr/lib/gcc/arm-none-eabi/6.3.1/../../../arm-none-eabi/lib/thumb/v7e-m/fpv4-sp/hard/libc_nano.a(lib_a-memset.o)
                0x0000000008000384                memset
 .text          0x0000000008000420       0xd0 /usr/lib/gcc/arm-none-eabi/6.3.1/../../../arm-none-eabi/lib/thumb/v7e-m/fpv4-sp/hard/libc_nano.a(lib_a-__atexit.o)
                0x0000000008000420                __register_exitproc
 .text          0x00000000080004f0       0xf4 /usr/lib/gcc/arm-none-eabi/6.3.1/../../../arm-none-eabi/lib/thumb/v7e-m/fpv4-sp/hard/libc_nano.a(lib_a-__call_atexit.o)
                0x00000000080004f0                __call_exitprocs
 .text          0x00000000080005e4        0x0 ./build/main.o
 .text          0x00000000080005e4        0x0 ./build/stm32l4xx_it.o
 .text          0x00000000080005e4        0x0 ./build/stm32l4xx_hal.o
 .text          0x00000000080005e4        0x0 ./build/stm32l4xx_hal_cortex.o
 .text          0x00000000080005e4        0x0 ./build/stm32l4xx_hal_rcc.o
 .text          0x00000000080005e4        0x0 ./build/stm32l4xx_hal_pwr_ex.o
 .text          0x00000000080005e4        0x0 ./build/stm32l4xx_hal_gpio.o
 .text          0x00000000080005e4        0x0 ./build/stm32l4xx_hal_pwr.o
 .text          0x00000000080005e4        0x0 ./build/stm32l4xx_hal_uart.o
 .text          0x00000000080005e4        0x0 ./build/stm32l4xx_hal_dma.o
 .text          0x00000000080005e4        0x0 ./build/stm32l4xx_hal_uart_ex.o
 .text          0x00000000080005e4        0x0 ./build/stm32l4xx_nucleo.o
 .text          0x00000000080005e4        0x0 ./build/stm32l4xx_hal_wwdg.o
 .text          0x00000000080005e4        0x0 ./build/system_stm32l4xx.o
 .text          0x00000000080005e4       0x14 build/stm32l476_startup.o
 .text          0x00000000080005f8       0x30 /usr/lib/gcc/arm-none-eabi/6.3.1/thumb/v7e-m/fpv4-sp/hard/libgcc.a(_aeabi_uldivmod.o)
                0x00000000080005f8                __aeabi_uldivmod
 .text          0x0000000008000628      0x2dc /usr/lib/gcc/arm-none-eabi/6.3.1/thumb/v7e-m/fpv4-sp/hard/libgcc.a(_udivmoddi4.o)
                0x0000000008000628                __udivmoddi4
 .text          0x0000000008000904        0x4 /usr/lib/gcc/arm-none-eabi/6.3.1/thumb/v7e-m/fpv4-sp/hard/libgcc.a(_dvmd_tls.o)
                0x0000000008000904                __aeabi_ldiv0
                0x0000000008000904                __aeabi_idiv0
 *fill*         0x0000000008000908       0x38 
 .text          0x0000000008000940       0xdc /usr/lib/gcc/arm-none-eabi/6.3.1/../../../arm-none-eabi/lib/thumb/v7e-m/fpv4-sp/hard/libc_nano.a(lib_a-strlen.o)
                0x0000000008000940                strlen
 .text          0x0000000008000a1c        0x4 /usr/lib/gcc/arm-none-eabi/6.3.1/../../../arm-none-eabi/lib/thumb/v7e-m/fpv4-sp/hard/libnosys.a(_exit.o)
                0x0000000008000a1c                _exit
 .text          0x0000000008000a20        0x0 /usr/lib/gcc/arm-none-eabi/6.3.1/thumb/v7e-m/fpv4-sp/hard/crtend.o
 .text          0x0000000008000a20        0x0 /usr/lib/gcc/arm-none-eabi/6.3.1/thumb/v7e-m/fpv4-sp/hard/crtn.o
 *(.text*)
 .text.Error_Handler
                0x0000000008000a20        0xa ./build/main.o
 *fill*         0x0000000008000a2a        0x2 
 .text.mon_printf
                0x0000000008000a2c       0x24 ./build/main.o
                0x0000000008000a2c                mon_printf
 .text.startup.main
                0x0000000008000a50      0x1c0 ./build/main.o
                0x0000000008000a50                main
 .text.UART_CharReception_Callback
                0x0000000008000c10       0x44 ./build/main.o
                0x0000000008000c10                UART_CharReception_Callback
 .text.UART_Error_Callback
                0x0000000008000c54       0x30 ./build/main.o
                0x0000000008000c54                UART_Error_Callback
 .text.NMI_Handler
                0x0000000008000c84        0x2 ./build/stm32l4xx_it.o
                0x0000000008000c84                NMI_Handler
 .text.HardFault_Handler
                0x0000000008000c86        0x2 ./build/stm32l4xx_it.o
                0x0000000008000c86                HardFault_Handler
 .text.MemManage_Handler
                0x0000000008000c88        0x2 ./build/stm32l4xx_it.o
                0x0000000008000c88                MemManage_Handler
 .text.BusFault_Handler
                0x0000000008000c8a        0x2 ./build/stm32l4xx_it.o
                0x0000000008000c8a                BusFault_Handler
 .text.UsageFault_Handler
                0x0000000008000c8c        0x2 ./build/stm32l4xx_it.o
                0x0000000008000c8c                UsageFault_Handler
 .text.SVC_Handler
                0x0000000008000c8e        0x2 ./build/stm32l4xx_it.o
                0x0000000008000c8e                SVC_Handler
 .text.DebugMon_Handler
                0x0000000008000c90        0x2 ./build/stm32l4xx_it.o
                0x0000000008000c90                DebugMon_Handler
 .text.PendSV_Handler
                0x0000000008000c92        0x2 ./build/stm32l4xx_it.o
                0x0000000008000c92                PendSV_Handler
 .text.SysTick_Handler
                0x0000000008000c94        0x4 ./build/stm32l4xx_it.o
                0x0000000008000c94                SysTick_Handler
 .text.USART2_IRQHandler
                0x0000000008000c98       0x30 ./build/stm32l4xx_it.o
                0x0000000008000c98                USART2_IRQHandler
 .text.EXTI15_10_IRQHandler
                0x0000000008000cc8        0xc ./build/stm32l4xx_it.o
                0x0000000008000cc8                EXTI15_10_IRQHandler
 .text.HAL_MspInit
                0x0000000008000cd4        0x2 ./build/stm32l4xx_hal.o
                0x0000000008000cd4                HAL_MspInit
 .text.HAL_MspDeInit
                0x0000000008000cd6        0x2 ./build/stm32l4xx_hal.o
                0x0000000008000cd6                HAL_MspDeInit
 .text.HAL_DeInit
                0x0000000008000cd8       0x2c ./build/stm32l4xx_hal.o
                0x0000000008000cd8                HAL_DeInit
 .text.HAL_InitTick
                0x0000000008000d04       0x4c ./build/stm32l4xx_hal.o
                0x0000000008000d04                HAL_InitTick
 .text.HAL_Init
                0x0000000008000d50       0x1e ./build/stm32l4xx_hal.o
                0x0000000008000d50                HAL_Init
 *fill*         0x0000000008000d6e        0x2 
 .text.HAL_IncTick
                0x0000000008000d70       0x18 ./build/stm32l4xx_hal.o
                0x0000000008000d70                HAL_IncTick
 .text.HAL_GetTick
                0x0000000008000d88        0xc ./build/stm32l4xx_hal.o
                0x0000000008000d88                HAL_GetTick
 .text.HAL_GetTickPrio
                0x0000000008000d94        0xc ./build/stm32l4xx_hal.o
                0x0000000008000d94                HAL_GetTickPrio
 .text.HAL_SetTickFreq
                0x0000000008000da0       0x28 ./build/stm32l4xx_hal.o
                0x0000000008000da0                HAL_SetTickFreq
 .text.HAL_GetTickFreq
                0x0000000008000dc8        0xc ./build/stm32l4xx_hal.o
                0x0000000008000dc8                HAL_GetTickFreq
 .text.HAL_Delay
                0x0000000008000dd4       0x28 ./build/stm32l4xx_hal.o
                0x0000000008000dd4                HAL_Delay
 .text.HAL_SuspendTick
                0x0000000008000dfc       0x10 ./build/stm32l4xx_hal.o
                0x0000000008000dfc                HAL_SuspendTick
 .text.HAL_ResumeTick
                0x0000000008000e0c       0x10 ./build/stm32l4xx_hal.o
                0x0000000008000e0c                HAL_ResumeTick
 .text.HAL_GetHalVersion
                0x0000000008000e1c        0x6 ./build/stm32l4xx_hal.o
                0x0000000008000e1c                HAL_GetHalVersion
 *fill*         0x0000000008000e22        0x2 
 .text.HAL_GetREVID
                0x0000000008000e24        0xc ./build/stm32l4xx_hal.o
                0x0000000008000e24                HAL_GetREVID
 .text.HAL_GetDEVID
                0x0000000008000e30       0x10 ./build/stm32l4xx_hal.o
                0x0000000008000e30                HAL_GetDEVID
 .text.HAL_GetUIDw0
                0x0000000008000e40        0xc ./build/stm32l4xx_hal.o
                0x0000000008000e40                HAL_GetUIDw0
 .text.HAL_GetUIDw1
                0x0000000008000e4c        0xc ./build/stm32l4xx_hal.o
                0x0000000008000e4c                HAL_GetUIDw1
 .text.HAL_GetUIDw2
                0x0000000008000e58        0xc ./build/stm32l4xx_hal.o
                0x0000000008000e58                HAL_GetUIDw2
 .text.HAL_DBGMCU_EnableDBGSleepMode
                0x0000000008000e64       0x10 ./build/stm32l4xx_hal.o
                0x0000000008000e64                HAL_DBGMCU_EnableDBGSleepMode
 .text.HAL_DBGMCU_DisableDBGSleepMode
                0x0000000008000e74       0x10 ./build/stm32l4xx_hal.o
                0x0000000008000e74                HAL_DBGMCU_DisableDBGSleepMode
 .text.HAL_DBGMCU_EnableDBGStopMode
                0x0000000008000e84       0x10 ./build/stm32l4xx_hal.o
                0x0000000008000e84                HAL_DBGMCU_EnableDBGStopMode
 .text.HAL_DBGMCU_DisableDBGStopMode
                0x0000000008000e94       0x10 ./build/stm32l4xx_hal.o
                0x0000000008000e94                HAL_DBGMCU_DisableDBGStopMode
 .text.HAL_DBGMCU_EnableDBGStandbyMode
                0x0000000008000ea4       0x10 ./build/stm32l4xx_hal.o
                0x0000000008000ea4                HAL_DBGMCU_EnableDBGStandbyMode
 .text.HAL_DBGMCU_DisableDBGStandbyMode
                0x0000000008000eb4       0x10 ./build/stm32l4xx_hal.o
                0x0000000008000eb4                HAL_DBGMCU_DisableDBGStandbyMode
 .text.HAL_SYSCFG_SRAM2Erase
                0x0000000008000ec4       0x1c ./build/stm32l4xx_hal.o
                0x0000000008000ec4                HAL_SYSCFG_SRAM2Erase
 .text.HAL_SYSCFG_EnableMemorySwappingBank
                0x0000000008000ee0        0xc ./build/stm32l4xx_hal.o
                0x0000000008000ee0                HAL_SYSCFG_EnableMemorySwappingBank
 .text.HAL_SYSCFG_DisableMemorySwappingBank
                0x0000000008000eec        0xc ./build/stm32l4xx_hal.o
                0x0000000008000eec                HAL_SYSCFG_DisableMemorySwappingBank
 .text.HAL_SYSCFG_VREFBUF_VoltageScalingConfig
                0x0000000008000ef8       0x14 ./build/stm32l4xx_hal.o
                0x0000000008000ef8                HAL_SYSCFG_VREFBUF_VoltageScalingConfig
 .text.HAL_SYSCFG_VREFBUF_HighImpedanceConfig
                0x0000000008000f0c       0x14 ./build/stm32l4xx_hal.o
                0x0000000008000f0c                HAL_SYSCFG_VREFBUF_HighImpedanceConfig
 .text.HAL_SYSCFG_VREFBUF_TrimmingConfig
                0x0000000008000f20       0x14 ./build/stm32l4xx_hal.o
                0x0000000008000f20                HAL_SYSCFG_VREFBUF_TrimmingConfig
 .text.HAL_SYSCFG_EnableVREFBUF
                0x0000000008000f34       0x30 ./build/stm32l4xx_hal.o
                0x0000000008000f34                HAL_SYSCFG_EnableVREFBUF
 .text.HAL_SYSCFG_DisableVREFBUF
                0x0000000008000f64       0x10 ./build/stm32l4xx_hal.o
                0x0000000008000f64                HAL_SYSCFG_DisableVREFBUF
 .text.HAL_SYSCFG_EnableIOAnalogSwitchBooster
                0x0000000008000f74       0x10 ./build/stm32l4xx_hal.o
                0x0000000008000f74                HAL_SYSCFG_EnableIOAnalogSwitchBooster
 .text.HAL_SYSCFG_DisableIOAnalogSwitchBooster
                0x0000000008000f84       0x10 ./build/stm32l4xx_hal.o
                0x0000000008000f84                HAL_SYSCFG_DisableIOAnalogSwitchBooster
 .text.HAL_NVIC_SetPriorityGrouping
                0x0000000008000f94       0x24 ./build/stm32l4xx_hal_cortex.o
                0x0000000008000f94                HAL_NVIC_SetPriorityGrouping
 .text.HAL_NVIC_SetPriority
                0x0000000008000fb8       0x68 ./build/stm32l4xx_hal_cortex.o
                0x0000000008000fb8                HAL_NVIC_SetPriority
 .text.HAL_NVIC_EnableIRQ
                0x0000000008001020       0x1c ./build/stm32l4xx_hal_cortex.o
                0x0000000008001020                HAL_NVIC_EnableIRQ
 .text.HAL_NVIC_DisableIRQ
                0x000000000800103c       0x28 ./build/stm32l4xx_hal_cortex.o
                0x000000000800103c                HAL_NVIC_DisableIRQ
 .text.HAL_NVIC_SystemReset
                0x0000000008001064       0x24 ./build/stm32l4xx_hal_cortex.o
                0x0000000008001064                HAL_NVIC_SystemReset
 .text.HAL_SYSTICK_Config
                0x0000000008001088       0x2c ./build/stm32l4xx_hal_cortex.o
                0x0000000008001088                HAL_SYSTICK_Config
 .text.HAL_NVIC_GetPriorityGrouping
                0x00000000080010b4       0x10 ./build/stm32l4xx_hal_cortex.o
                0x00000000080010b4                HAL_NVIC_GetPriorityGrouping
 .text.HAL_NVIC_GetPriority
                0x00000000080010c4       0x58 ./build/stm32l4xx_hal_cortex.o
                0x00000000080010c4                HAL_NVIC_GetPriority
 .text.HAL_NVIC_SetPendingIRQ
                0x000000000800111c       0x20 ./build/stm32l4xx_hal_cortex.o
                0x000000000800111c                HAL_NVIC_SetPendingIRQ
 .text.HAL_NVIC_GetPendingIRQ
                0x000000000800113c       0x24 ./build/stm32l4xx_hal_cortex.o
                0x000000000800113c                HAL_NVIC_GetPendingIRQ
 .text.HAL_NVIC_ClearPendingIRQ
                0x0000000008001160       0x20 ./build/stm32l4xx_hal_cortex.o
                0x0000000008001160                HAL_NVIC_ClearPendingIRQ
 .text.HAL_NVIC_GetActive
                0x0000000008001180       0x24 ./build/stm32l4xx_hal_cortex.o
                0x0000000008001180                HAL_NVIC_GetActive
 .text.HAL_SYSTICK_CLKSourceConfig
                0x00000000080011a4       0x18 ./build/stm32l4xx_hal_cortex.o
                0x00000000080011a4                HAL_SYSTICK_CLKSourceConfig
 .text.HAL_SYSTICK_Callback
                0x00000000080011bc        0x2 ./build/stm32l4xx_hal_cortex.o
                0x00000000080011bc                HAL_SYSTICK_Callback
 .text.HAL_SYSTICK_IRQHandler
                0x00000000080011be        0x8 ./build/stm32l4xx_hal_cortex.o
                0x00000000080011be                HAL_SYSTICK_IRQHandler
 *fill*         0x00000000080011c6        0x2 
 .text.HAL_MPU_Disable
                0x00000000080011c8       0x20 ./build/stm32l4xx_hal_cortex.o
                0x00000000080011c8                HAL_MPU_Disable
 .text.HAL_MPU_Enable
                0x00000000080011e8       0x24 ./build/stm32l4xx_hal_cortex.o
                0x00000000080011e8                HAL_MPU_Enable
 .text.HAL_MPU_ConfigRegion
                0x000000000800120c       0x50 ./build/stm32l4xx_hal_cortex.o
                0x000000000800120c                HAL_MPU_ConfigRegion
 .text.RCC_SetFlashLatencyFromMSIRange
                0x000000000800125c       0x84 ./build/stm32l4xx_hal_rcc.o
 .text.HAL_RCC_DeInit
                0x00000000080012e0       0xe0 ./build/stm32l4xx_hal_rcc.o
                0x00000000080012e0                HAL_RCC_DeInit
 .text.HAL_RCC_MCOConfig
                0x00000000080013c0       0x4c ./build/stm32l4xx_hal_rcc.o
                0x00000000080013c0                HAL_RCC_MCOConfig
 .text.HAL_RCC_GetSysClockFreq
                0x000000000800140c       0x9c ./build/stm32l4xx_hal_rcc.o
                0x000000000800140c                HAL_RCC_GetSysClockFreq
 .text.HAL_RCC_OscConfig
                0x00000000080014a8      0x4c4 ./build/stm32l4xx_hal_rcc.o
                0x00000000080014a8                HAL_RCC_OscConfig
 .text.HAL_RCC_ClockConfig
                0x000000000800196c      0x12c ./build/stm32l4xx_hal_rcc.o
                0x000000000800196c                HAL_RCC_ClockConfig
 .text.HAL_RCC_GetHCLKFreq
                0x0000000008001a98        0xc ./build/stm32l4xx_hal_rcc.o
                0x0000000008001a98                HAL_RCC_GetHCLKFreq
 .text.HAL_RCC_GetPCLK1Freq
                0x0000000008001aa4       0x24 ./build/stm32l4xx_hal_rcc.o
                0x0000000008001aa4                HAL_RCC_GetPCLK1Freq
 .text.HAL_RCC_GetPCLK2Freq
                0x0000000008001ac8       0x24 ./build/stm32l4xx_hal_rcc.o
                0x0000000008001ac8                HAL_RCC_GetPCLK2Freq
 .text.HAL_RCC_GetOscConfig
                0x0000000008001aec       0xd0 ./build/stm32l4xx_hal_rcc.o
                0x0000000008001aec                HAL_RCC_GetOscConfig
 .text.HAL_RCC_GetClockConfig
                0x0000000008001bbc       0x3c ./build/stm32l4xx_hal_rcc.o
                0x0000000008001bbc                HAL_RCC_GetClockConfig
 .text.HAL_RCC_EnableCSS
                0x0000000008001bf8       0x10 ./build/stm32l4xx_hal_rcc.o
                0x0000000008001bf8                HAL_RCC_EnableCSS
 .text.HAL_RCC_CSSCallback
                0x0000000008001c08        0x2 ./build/stm32l4xx_hal_rcc.o
                0x0000000008001c08                HAL_RCC_CSSCallback
 *fill*         0x0000000008001c0a        0x2 
 .text.HAL_RCC_NMI_IRQHandler
                0x0000000008001c0c       0x1c ./build/stm32l4xx_hal_rcc.o
                0x0000000008001c0c                HAL_RCC_NMI_IRQHandler
 .text.HAL_PWREx_GetVoltageRange
                0x0000000008001c28       0x10 ./build/stm32l4xx_hal_pwr_ex.o
                0x0000000008001c28                HAL_PWREx_GetVoltageRange
 .text.HAL_PWREx_ControlVoltageScaling
                0x0000000008001c38       0x6c ./build/stm32l4xx_hal_pwr_ex.o
                0x0000000008001c38                HAL_PWREx_ControlVoltageScaling
 .text.HAL_PWREx_EnableBatteryCharging
                0x0000000008001ca4       0x1c ./build/stm32l4xx_hal_pwr_ex.o
                0x0000000008001ca4                HAL_PWREx_EnableBatteryCharging
 .text.HAL_PWREx_DisableBatteryCharging
                0x0000000008001cc0       0x10 ./build/stm32l4xx_hal_pwr_ex.o
                0x0000000008001cc0                HAL_PWREx_DisableBatteryCharging
 .text.HAL_PWREx_EnableVddUSB
                0x0000000008001cd0       0x10 ./build/stm32l4xx_hal_pwr_ex.o
                0x0000000008001cd0                HAL_PWREx_EnableVddUSB
 .text.HAL_PWREx_DisableVddUSB
                0x0000000008001ce0       0x10 ./build/stm32l4xx_hal_pwr_ex.o
                0x0000000008001ce0                HAL_PWREx_DisableVddUSB
 .text.HAL_PWREx_EnableVddIO2
                0x0000000008001cf0       0x10 ./build/stm32l4xx_hal_pwr_ex.o
                0x0000000008001cf0                HAL_PWREx_EnableVddIO2
 .text.HAL_PWREx_DisableVddIO2
                0x0000000008001d00       0x10 ./build/stm32l4xx_hal_pwr_ex.o
                0x0000000008001d00                HAL_PWREx_DisableVddIO2
 .text.HAL_PWREx_EnableInternalWakeUpLine
                0x0000000008001d10       0x10 ./build/stm32l4xx_hal_pwr_ex.o
                0x0000000008001d10                HAL_PWREx_EnableInternalWakeUpLine
 .text.HAL_PWREx_DisableInternalWakeUpLine
                0x0000000008001d20       0x10 ./build/stm32l4xx_hal_pwr_ex.o
                0x0000000008001d20                HAL_PWREx_DisableInternalWakeUpLine
 .text.HAL_PWREx_EnableGPIOPullUp
                0x0000000008001d30       0xbc ./build/stm32l4xx_hal_pwr_ex.o
                0x0000000008001d30                HAL_PWREx_EnableGPIOPullUp
 .text.HAL_PWREx_DisableGPIOPullUp
                0x0000000008001dec       0x84 ./build/stm32l4xx_hal_pwr_ex.o
                0x0000000008001dec                HAL_PWREx_DisableGPIOPullUp
 .text.HAL_PWREx_EnableGPIOPullDown
                0x0000000008001e70       0xbc ./build/stm32l4xx_hal_pwr_ex.o
                0x0000000008001e70                HAL_PWREx_EnableGPIOPullDown
 .text.HAL_PWREx_DisableGPIOPullDown
                0x0000000008001f2c       0x88 ./build/stm32l4xx_hal_pwr_ex.o
                0x0000000008001f2c                HAL_PWREx_DisableGPIOPullDown
 .text.HAL_PWREx_EnablePullUpPullDownConfig
                0x0000000008001fb4       0x10 ./build/stm32l4xx_hal_pwr_ex.o
                0x0000000008001fb4                HAL_PWREx_EnablePullUpPullDownConfig
 .text.HAL_PWREx_DisablePullUpPullDownConfig
                0x0000000008001fc4       0x10 ./build/stm32l4xx_hal_pwr_ex.o
                0x0000000008001fc4                HAL_PWREx_DisablePullUpPullDownConfig
 .text.HAL_PWREx_EnableSRAM2ContentRetention
                0x0000000008001fd4       0x10 ./build/stm32l4xx_hal_pwr_ex.o
                0x0000000008001fd4                HAL_PWREx_EnableSRAM2ContentRetention
 .text.HAL_PWREx_DisableSRAM2ContentRetention
                0x0000000008001fe4       0x10 ./build/stm32l4xx_hal_pwr_ex.o
                0x0000000008001fe4                HAL_PWREx_DisableSRAM2ContentRetention
 .text.HAL_PWREx_EnablePVM1
                0x0000000008001ff4       0x10 ./build/stm32l4xx_hal_pwr_ex.o
                0x0000000008001ff4                HAL_PWREx_EnablePVM1
 .text.HAL_PWREx_DisablePVM1
                0x0000000008002004       0x10 ./build/stm32l4xx_hal_pwr_ex.o
                0x0000000008002004                HAL_PWREx_DisablePVM1
 .text.HAL_PWREx_EnablePVM2
                0x0000000008002014       0x10 ./build/stm32l4xx_hal_pwr_ex.o
                0x0000000008002014                HAL_PWREx_EnablePVM2
 .text.HAL_PWREx_DisablePVM2
                0x0000000008002024       0x10 ./build/stm32l4xx_hal_pwr_ex.o
                0x0000000008002024                HAL_PWREx_DisablePVM2
 .text.HAL_PWREx_EnablePVM3
                0x0000000008002034       0x10 ./build/stm32l4xx_hal_pwr_ex.o
                0x0000000008002034                HAL_PWREx_EnablePVM3
 .text.HAL_PWREx_DisablePVM3
                0x0000000008002044       0x10 ./build/stm32l4xx_hal_pwr_ex.o
                0x0000000008002044                HAL_PWREx_DisablePVM3
 .text.HAL_PWREx_EnablePVM4
                0x0000000008002054       0x10 ./build/stm32l4xx_hal_pwr_ex.o
                0x0000000008002054                HAL_PWREx_EnablePVM4
 .text.HAL_PWREx_DisablePVM4
                0x0000000008002064       0x10 ./build/stm32l4xx_hal_pwr_ex.o
                0x0000000008002064                HAL_PWREx_DisablePVM4
 .text.HAL_PWREx_ConfigPVM
                0x0000000008002074      0x174 ./build/stm32l4xx_hal_pwr_ex.o
                0x0000000008002074                HAL_PWREx_ConfigPVM
 .text.HAL_PWREx_EnableLowPowerRunMode
                0x00000000080021e8       0x10 ./build/stm32l4xx_hal_pwr_ex.o
                0x00000000080021e8                HAL_PWREx_EnableLowPowerRunMode
 .text.HAL_PWREx_DisableLowPowerRunMode
                0x00000000080021f8       0x44 ./build/stm32l4xx_hal_pwr_ex.o
                0x00000000080021f8                HAL_PWREx_DisableLowPowerRunMode
 .text.HAL_PWREx_EnterSTOP0Mode
                0x000000000800223c       0x34 ./build/stm32l4xx_hal_pwr_ex.o
                0x000000000800223c                HAL_PWREx_EnterSTOP0Mode
 .text.HAL_PWREx_EnterSTOP1Mode
                0x0000000008002270       0x38 ./build/stm32l4xx_hal_pwr_ex.o
                0x0000000008002270                HAL_PWREx_EnterSTOP1Mode
 .text.HAL_PWREx_EnterSTOP2Mode
                0x00000000080022a8       0x38 ./build/stm32l4xx_hal_pwr_ex.o
                0x00000000080022a8                HAL_PWREx_EnterSTOP2Mode
 .text.HAL_PWREx_EnterSHUTDOWNMode
                0x00000000080022e0       0x24 ./build/stm32l4xx_hal_pwr_ex.o
                0x00000000080022e0                HAL_PWREx_EnterSHUTDOWNMode
 .text.HAL_PWREx_PVM1Callback
                0x0000000008002304        0x2 ./build/stm32l4xx_hal_pwr_ex.o
                0x0000000008002304                HAL_PWREx_PVM1Callback
 .text.HAL_PWREx_PVM2Callback
                0x0000000008002306        0x2 ./build/stm32l4xx_hal_pwr_ex.o
                0x0000000008002306                HAL_PWREx_PVM2Callback
 .text.HAL_PWREx_PVM3Callback
                0x0000000008002308        0x2 ./build/stm32l4xx_hal_pwr_ex.o
                0x0000000008002308                HAL_PWREx_PVM3Callback
 .text.HAL_PWREx_PVM4Callback
                0x000000000800230a        0x2 ./build/stm32l4xx_hal_pwr_ex.o
                0x000000000800230a                HAL_PWREx_PVM4Callback
 .text.HAL_PWREx_PVD_PVM_IRQHandler
                0x000000000800230c       0x54 ./build/stm32l4xx_hal_pwr_ex.o
                0x000000000800230c                HAL_PWREx_PVD_PVM_IRQHandler
 .text.HAL_GPIO_Init
                0x0000000008002360      0x1b8 ./build/stm32l4xx_hal_gpio.o
                0x0000000008002360                HAL_GPIO_Init
 .text.HAL_GPIO_DeInit
                0x0000000008002518      0x114 ./build/stm32l4xx_hal_gpio.o
                0x0000000008002518                HAL_GPIO_DeInit
 .text.HAL_GPIO_ReadPin
                0x000000000800262c        0xc ./build/stm32l4xx_hal_gpio.o
                0x000000000800262c                HAL_GPIO_ReadPin
 .text.HAL_GPIO_WritePin
                0x0000000008002638        0xa ./build/stm32l4xx_hal_gpio.o
                0x0000000008002638                HAL_GPIO_WritePin
 .text.HAL_GPIO_TogglePin
                0x0000000008002642        0xc ./build/stm32l4xx_hal_gpio.o
                0x0000000008002642                HAL_GPIO_TogglePin
 .text.HAL_GPIO_LockPin
                0x000000000800264e       0x2a ./build/stm32l4xx_hal_gpio.o
                0x000000000800264e                HAL_GPIO_LockPin
 .text.HAL_GPIO_EXTI_Callback
                0x0000000008002678        0x2 ./build/stm32l4xx_hal_gpio.o
                0x0000000008002678                HAL_GPIO_EXTI_Callback
 *fill*         0x000000000800267a        0x2 
 .text.HAL_GPIO_EXTI_IRQHandler
                0x000000000800267c       0x18 ./build/stm32l4xx_hal_gpio.o
                0x000000000800267c                HAL_GPIO_EXTI_IRQHandler
 .text.HAL_PWR_DeInit
                0x0000000008002694       0x18 ./build/stm32l4xx_hal_pwr.o
                0x0000000008002694                HAL_PWR_DeInit
 .text.HAL_PWR_EnableBkUpAccess
                0x00000000080026ac       0x10 ./build/stm32l4xx_hal_pwr.o
                0x00000000080026ac                HAL_PWR_EnableBkUpAccess
 .text.HAL_PWR_DisableBkUpAccess
                0x00000000080026bc       0x10 ./build/stm32l4xx_hal_pwr.o
                0x00000000080026bc                HAL_PWR_DisableBkUpAccess
 .text.HAL_PWR_ConfigPVD
                0x00000000080026cc       0x70 ./build/stm32l4xx_hal_pwr.o
                0x00000000080026cc                HAL_PWR_ConfigPVD
 .text.HAL_PWR_EnablePVD
                0x000000000800273c       0x10 ./build/stm32l4xx_hal_pwr.o
                0x000000000800273c                HAL_PWR_EnablePVD
 .text.HAL_PWR_DisablePVD
                0x000000000800274c       0x10 ./build/stm32l4xx_hal_pwr.o
                0x000000000800274c                HAL_PWR_DisablePVD
 .text.HAL_PWR_EnableWakeUpPin
                0x000000000800275c       0x20 ./build/stm32l4xx_hal_pwr.o
                0x000000000800275c                HAL_PWR_EnableWakeUpPin
 .text.HAL_PWR_DisableWakeUpPin
                0x000000000800277c       0x14 ./build/stm32l4xx_hal_pwr.o
                0x000000000800277c                HAL_PWR_DisableWakeUpPin
 .text.HAL_PWR_EnterSLEEPMode
                0x0000000008002790       0x40 ./build/stm32l4xx_hal_pwr.o
                0x0000000008002790                HAL_PWR_EnterSLEEPMode
 .text.HAL_PWR_EnterSTOPMode
                0x00000000080027d0       0x10 ./build/stm32l4xx_hal_pwr.o
                0x00000000080027d0                HAL_PWR_EnterSTOPMode
 .text.HAL_PWR_EnterSTANDBYMode
                0x00000000080027e0       0x24 ./build/stm32l4xx_hal_pwr.o
                0x00000000080027e0                HAL_PWR_EnterSTANDBYMode
 .text.HAL_PWR_EnableSleepOnExit
                0x0000000008002804       0x10 ./build/stm32l4xx_hal_pwr.o
                0x0000000008002804                HAL_PWR_EnableSleepOnExit
 .text.HAL_PWR_DisableSleepOnExit
                0x0000000008002814       0x10 ./build/stm32l4xx_hal_pwr.o
                0x0000000008002814                HAL_PWR_DisableSleepOnExit
 .text.HAL_PWR_EnableSEVOnPend
                0x0000000008002824       0x10 ./build/stm32l4xx_hal_pwr.o
                0x0000000008002824                HAL_PWR_EnableSEVOnPend
 .text.HAL_PWR_DisableSEVOnPend
                0x0000000008002834       0x10 ./build/stm32l4xx_hal_pwr.o
                0x0000000008002834                HAL_PWR_DisableSEVOnPend
 .text.HAL_PWR_PVDCallback
                0x0000000008002844        0x2 ./build/stm32l4xx_hal_pwr.o
                0x0000000008002844                HAL_PWR_PVDCallback
 .text.UART_EndRxTransfer
                0x0000000008002846       0x1c ./build/stm32l4xx_hal_uart.o
 .text.UART_TxISR_16BIT
                0x0000000008002862       0x3e ./build/stm32l4xx_hal_uart.o
 .text.UART_TxISR_8BIT
                0x00000000080028a0       0x3a ./build/stm32l4xx_hal_uart.o
 .text.HAL_UART_MspInit
                0x00000000080028da        0x2 ./build/stm32l4xx_hal_uart.o
                0x00000000080028da                HAL_UART_MspInit
 .text.HAL_UART_MspDeInit
                0x00000000080028dc        0x2 ./build/stm32l4xx_hal_uart.o
                0x00000000080028dc                HAL_UART_MspDeInit
 .text.HAL_UART_DeInit
                0x00000000080028de       0x32 ./build/stm32l4xx_hal_uart.o
                0x00000000080028de                HAL_UART_DeInit
 .text.HAL_UART_Transmit_IT
                0x0000000008002910       0x64 ./build/stm32l4xx_hal_uart.o
                0x0000000008002910                HAL_UART_Transmit_IT
 .text.HAL_UART_Receive_IT
                0x0000000008002974       0xa8 ./build/stm32l4xx_hal_uart.o
                0x0000000008002974                HAL_UART_Receive_IT
 .text.HAL_UART_Transmit_DMA
                0x0000000008002a1c       0x80 ./build/stm32l4xx_hal_uart.o
                0x0000000008002a1c                HAL_UART_Transmit_DMA
 .text.HAL_UART_Receive_DMA
                0x0000000008002a9c       0x8c ./build/stm32l4xx_hal_uart.o
                0x0000000008002a9c                HAL_UART_Receive_DMA
 .text.HAL_UART_DMAPause
                0x0000000008002b28       0x58 ./build/stm32l4xx_hal_uart.o
                0x0000000008002b28                HAL_UART_DMAPause
 .text.HAL_UART_DMAResume
                0x0000000008002b80       0x50 ./build/stm32l4xx_hal_uart.o
                0x0000000008002b80                HAL_UART_DMAResume
 .text.HAL_UART_DMAStop
                0x0000000008002bd0       0x7a ./build/stm32l4xx_hal_uart.o
                0x0000000008002bd0                HAL_UART_DMAStop
 .text.HAL_UART_Abort
                0x0000000008002c4a       0x90 ./build/stm32l4xx_hal_uart.o
                0x0000000008002c4a                HAL_UART_Abort
 .text.HAL_UART_AbortTransmit
                0x0000000008002cda       0x48 ./build/stm32l4xx_hal_uart.o
                0x0000000008002cda                HAL_UART_AbortTransmit
 .text.HAL_UART_AbortReceive
                0x0000000008002d22       0x60 ./build/stm32l4xx_hal_uart.o
                0x0000000008002d22                HAL_UART_AbortReceive
 .text.HAL_UART_TxCpltCallback
                0x0000000008002d82        0x2 ./build/stm32l4xx_hal_uart.o
                0x0000000008002d82                HAL_UART_TxCpltCallback
 .text.UART_DMATransmitCplt
                0x0000000008002d84       0x2e ./build/stm32l4xx_hal_uart.o
 .text.HAL_UART_TxHalfCpltCallback
                0x0000000008002db2        0x2 ./build/stm32l4xx_hal_uart.o
                0x0000000008002db2                HAL_UART_TxHalfCpltCallback
 .text.UART_DMATxHalfCplt
                0x0000000008002db4        0xa ./build/stm32l4xx_hal_uart.o
 .text.HAL_UART_RxCpltCallback
                0x0000000008002dbe        0x2 ./build/stm32l4xx_hal_uart.o
                0x0000000008002dbe                HAL_UART_RxCpltCallback
 .text.UART_RxISR_8BIT
                0x0000000008002dc0       0x5a ./build/stm32l4xx_hal_uart.o
 .text.UART_RxISR_16BIT
                0x0000000008002e1a       0x56 ./build/stm32l4xx_hal_uart.o
 .text.UART_DMAReceiveCplt
                0x0000000008002e70       0x38 ./build/stm32l4xx_hal_uart.o
 .text.HAL_UART_RxHalfCpltCallback
                0x0000000008002ea8        0x2 ./build/stm32l4xx_hal_uart.o
                0x0000000008002ea8                HAL_UART_RxHalfCpltCallback
 .text.UART_DMARxHalfCplt
                0x0000000008002eaa        0xa ./build/stm32l4xx_hal_uart.o
 .text.HAL_UART_ErrorCallback
                0x0000000008002eb4        0x2 ./build/stm32l4xx_hal_uart.o
                0x0000000008002eb4                HAL_UART_ErrorCallback
 .text.UART_DMAError
                0x0000000008002eb6       0x4c ./build/stm32l4xx_hal_uart.o
 *fill*         0x0000000008002f02        0x2 
 .text.HAL_UART_IRQHandler
                0x0000000008002f04      0x12c ./build/stm32l4xx_hal_uart.o
                0x0000000008002f04                HAL_UART_IRQHandler
 .text.UART_DMAAbortOnError
                0x0000000008003030       0x14 ./build/stm32l4xx_hal_uart.o
 .text.HAL_UART_AbortCpltCallback
                0x0000000008003044        0x2 ./build/stm32l4xx_hal_uart.o
                0x0000000008003044                HAL_UART_AbortCpltCallback
 *fill*         0x0000000008003046        0x2 
 .text.HAL_UART_Abort_IT
                0x0000000008003048       0xbc ./build/stm32l4xx_hal_uart.o
                0x0000000008003048                HAL_UART_Abort_IT
 .text.UART_DMARxAbortCallback
                0x0000000008003104       0x38 ./build/stm32l4xx_hal_uart.o
 .text.UART_DMATxAbortCallback
                0x000000000800313c       0x2e ./build/stm32l4xx_hal_uart.o
 .text.HAL_UART_AbortTransmitCpltCallback
                0x000000000800316a        0x2 ./build/stm32l4xx_hal_uart.o
                0x000000000800316a                HAL_UART_AbortTransmitCpltCallback
 .text.HAL_UART_AbortTransmit_IT
                0x000000000800316c       0x4c ./build/stm32l4xx_hal_uart.o
                0x000000000800316c                HAL_UART_AbortTransmit_IT
 .text.UART_DMATxOnlyAbortCallback
                0x00000000080031b8       0x14 ./build/stm32l4xx_hal_uart.o
 .text.HAL_UART_AbortReceiveCpltCallback
                0x00000000080031cc        0x2 ./build/stm32l4xx_hal_uart.o
                0x00000000080031cc                HAL_UART_AbortReceiveCpltCallback
 *fill*         0x00000000080031ce        0x2 
 .text.HAL_UART_AbortReceive_IT
                0x00000000080031d0       0x70 ./build/stm32l4xx_hal_uart.o
                0x00000000080031d0                HAL_UART_AbortReceive_IT
 .text.UART_DMARxOnlyAbortCallback
                0x0000000008003240       0x24 ./build/stm32l4xx_hal_uart.o
 .text.HAL_MultiProcessor_EnterMuteMode
                0x0000000008003264        0xe ./build/stm32l4xx_hal_uart.o
                0x0000000008003264                HAL_MultiProcessor_EnterMuteMode
 .text.HAL_HalfDuplex_EnableTransmitter
                0x0000000008003272       0x30 ./build/stm32l4xx_hal_uart.o
                0x0000000008003272                HAL_HalfDuplex_EnableTransmitter
 .text.HAL_HalfDuplex_EnableReceiver
                0x00000000080032a2       0x30 ./build/stm32l4xx_hal_uart.o
                0x00000000080032a2                HAL_HalfDuplex_EnableReceiver
 .text.HAL_LIN_SendBreak
                0x00000000080032d2       0x2a ./build/stm32l4xx_hal_uart.o
                0x00000000080032d2                HAL_LIN_SendBreak
 .text.HAL_UART_GetState
                0x00000000080032fc        0x8 ./build/stm32l4xx_hal_uart.o
                0x00000000080032fc                HAL_UART_GetState
 .text.HAL_UART_GetError
                0x0000000008003304        0x4 ./build/stm32l4xx_hal_uart.o
                0x0000000008003304                HAL_UART_GetError
 .text.UART_SetConfig
                0x0000000008003308      0x330 ./build/stm32l4xx_hal_uart.o
                0x0000000008003308                UART_SetConfig
 .text.UART_AdvFeatureConfig
                0x0000000008003638       0xa8 ./build/stm32l4xx_hal_uart.o
                0x0000000008003638                UART_AdvFeatureConfig
 .text.UART_WaitOnFlagUntilTimeout
                0x00000000080036e0       0x5e ./build/stm32l4xx_hal_uart.o
                0x00000000080036e0                UART_WaitOnFlagUntilTimeout
 .text.HAL_UART_Transmit
                0x000000000800373e       0xae ./build/stm32l4xx_hal_uart.o
                0x000000000800373e                HAL_UART_Transmit
 .text.HAL_UART_Receive
                0x00000000080037ec       0xe2 ./build/stm32l4xx_hal_uart.o
                0x00000000080037ec                HAL_UART_Receive
 .text.UART_CheckIdleState
                0x00000000080038ce       0x60 ./build/stm32l4xx_hal_uart.o
                0x00000000080038ce                UART_CheckIdleState
 .text.HAL_UART_Init
                0x000000000800392e       0x5c ./build/stm32l4xx_hal_uart.o
                0x000000000800392e                HAL_UART_Init
 .text.HAL_HalfDuplex_Init
                0x000000000800398a       0x64 ./build/stm32l4xx_hal_uart.o
                0x000000000800398a                HAL_HalfDuplex_Init
 .text.HAL_LIN_Init
                0x00000000080039ee       0x80 ./build/stm32l4xx_hal_uart.o
                0x00000000080039ee                HAL_LIN_Init
 .text.HAL_MultiProcessor_Init
                0x0000000008003a6e       0x7e ./build/stm32l4xx_hal_uart.o
                0x0000000008003a6e                HAL_MultiProcessor_Init
 .text.HAL_MultiProcessor_EnableMuteMode
                0x0000000008003aec       0x28 ./build/stm32l4xx_hal_uart.o
                0x0000000008003aec                HAL_MultiProcessor_EnableMuteMode
 .text.HAL_MultiProcessor_DisableMuteMode
                0x0000000008003b14       0x28 ./build/stm32l4xx_hal_uart.o
                0x0000000008003b14                HAL_MultiProcessor_DisableMuteMode
 .text.HAL_DMA_Init
                0x0000000008003b3c       0xc4 ./build/stm32l4xx_hal_dma.o
                0x0000000008003b3c                HAL_DMA_Init
 .text.HAL_DMA_DeInit
                0x0000000008003c00       0x9c ./build/stm32l4xx_hal_dma.o
                0x0000000008003c00                HAL_DMA_DeInit
 .text.HAL_DMA_Start
                0x0000000008003c9c       0x62 ./build/stm32l4xx_hal_dma.o
                0x0000000008003c9c                HAL_DMA_Start
 .text.HAL_DMA_Start_IT
                0x0000000008003cfe       0x80 ./build/stm32l4xx_hal_dma.o
                0x0000000008003cfe                HAL_DMA_Start_IT
 .text.HAL_DMA_Abort
                0x0000000008003d7e       0x46 ./build/stm32l4xx_hal_dma.o
                0x0000000008003d7e                HAL_DMA_Abort
 .text.HAL_DMA_Abort_IT
                0x0000000008003dc4       0x4c ./build/stm32l4xx_hal_dma.o
                0x0000000008003dc4                HAL_DMA_Abort_IT
 .text.HAL_DMA_PollForTransfer
                0x0000000008003e10       0xcc ./build/stm32l4xx_hal_dma.o
                0x0000000008003e10                HAL_DMA_PollForTransfer
 .text.HAL_DMA_IRQHandler
                0x0000000008003edc       0x94 ./build/stm32l4xx_hal_dma.o
                0x0000000008003edc                HAL_DMA_IRQHandler
 .text.HAL_DMA_RegisterCallback
                0x0000000008003f70       0x46 ./build/stm32l4xx_hal_dma.o
                0x0000000008003f70                HAL_DMA_RegisterCallback
 .text.HAL_DMA_UnRegisterCallback
                0x0000000008003fb6       0x4e ./build/stm32l4xx_hal_dma.o
                0x0000000008003fb6                HAL_DMA_UnRegisterCallback
 .text.HAL_DMA_GetState
                0x0000000008004004        0x6 ./build/stm32l4xx_hal_dma.o
                0x0000000008004004                HAL_DMA_GetState
 .text.HAL_DMA_GetError
                0x000000000800400a        0x4 ./build/stm32l4xx_hal_dma.o
                0x000000000800400a                HAL_DMA_GetError
 .text.HAL_RS485Ex_Init
                0x000000000800400e       0x7a ./build/stm32l4xx_hal_uart_ex.o
                0x000000000800400e                HAL_RS485Ex_Init
 .text.HAL_UARTEx_WakeupCallback
                0x0000000008004088        0x2 ./build/stm32l4xx_hal_uart_ex.o
                0x0000000008004088                HAL_UARTEx_WakeupCallback
 .text.HAL_UARTEx_EnableClockStopMode
                0x000000000800408a       0x20 ./build/stm32l4xx_hal_uart_ex.o
                0x000000000800408a                HAL_UARTEx_EnableClockStopMode
 .text.HAL_UARTEx_DisableClockStopMode
                0x00000000080040aa       0x20 ./build/stm32l4xx_hal_uart_ex.o
                0x00000000080040aa                HAL_UARTEx_DisableClockStopMode
 .text.HAL_MultiProcessorEx_AddressLength_Set
                0x00000000080040ca       0x2a ./build/stm32l4xx_hal_uart_ex.o
                0x00000000080040ca                HAL_MultiProcessorEx_AddressLength_Set
 .text.HAL_UARTEx_StopModeWakeUpSourceConfig
                0x00000000080040f4       0x8a ./build/stm32l4xx_hal_uart_ex.o
                0x00000000080040f4                HAL_UARTEx_StopModeWakeUpSourceConfig
 .text.HAL_UARTEx_EnableStopMode
                0x000000000800417e       0x20 ./build/stm32l4xx_hal_uart_ex.o
                0x000000000800417e                HAL_UARTEx_EnableStopMode
 .text.HAL_UARTEx_DisableStopMode
                0x000000000800419e       0x20 ./build/stm32l4xx_hal_uart_ex.o
                0x000000000800419e                HAL_UARTEx_DisableStopMode
 *fill*         0x00000000080041be        0x2 
 .text.BSP_GetVersion
                0x00000000080041c0        0x8 ./build/stm32l4xx_nucleo.o
                0x00000000080041c0                BSP_GetVersion
 .text.BSP_LED_Init
                0x00000000080041c8       0x4c ./build/stm32l4xx_nucleo.o
                0x00000000080041c8                BSP_LED_Init
 .text.BSP_LED_DeInit
                0x0000000008004214       0x24 ./build/stm32l4xx_nucleo.o
                0x0000000008004214                BSP_LED_DeInit
 .text.BSP_LED_On
                0x0000000008004238       0x14 ./build/stm32l4xx_nucleo.o
                0x0000000008004238                BSP_LED_On
 .text.BSP_LED_Off
                0x000000000800424c       0x14 ./build/stm32l4xx_nucleo.o
                0x000000000800424c                BSP_LED_Off
 .text.BSP_LED_Toggle
                0x0000000008004260       0x10 ./build/stm32l4xx_nucleo.o
                0x0000000008004260                BSP_LED_Toggle
 .text.BSP_PB_Init
                0x0000000008004270       0x80 ./build/stm32l4xx_nucleo.o
                0x0000000008004270                BSP_PB_Init
 .text.BSP_PB_DeInit
                0x00000000080042f0       0x20 ./build/stm32l4xx_nucleo.o
                0x00000000080042f0                BSP_PB_DeInit
 .text.BSP_PB_GetState
                0x0000000008004310       0x18 ./build/stm32l4xx_nucleo.o
                0x0000000008004310                BSP_PB_GetState
 .text.HAL_WWDG_MspInit
                0x0000000008004328        0x2 ./build/stm32l4xx_hal_wwdg.o
                0x0000000008004328                HAL_WWDG_MspInit
 .text.HAL_WWDG_Init
                0x000000000800432a       0x28 ./build/stm32l4xx_hal_wwdg.o
                0x000000000800432a                HAL_WWDG_Init
 .text.HAL_WWDG_Refresh
                0x0000000008004352        0xa ./build/stm32l4xx_hal_wwdg.o
                0x0000000008004352                HAL_WWDG_Refresh
 .text.HAL_WWDG_EarlyWakeupCallback
                0x000000000800435c        0x2 ./build/stm32l4xx_hal_wwdg.o
                0x000000000800435c                HAL_WWDG_EarlyWakeupCallback
 .text.HAL_WWDG_IRQHandler
                0x000000000800435e       0x1c ./build/stm32l4xx_hal_wwdg.o
                0x000000000800435e                HAL_WWDG_IRQHandler
 *fill*         0x000000000800437a        0x2 
 .text.SystemInit
                0x000000000800437c       0x48 ./build/system_stm32l4xx.o
                0x000000000800437c                SystemInit
 .text.SystemCoreClockUpdate
                0x00000000080043c4       0xb4 ./build/system_stm32l4xx.o
                0x00000000080043c4                SystemCoreClockUpdate
 .text.Reset_Handler
                0x0000000008004478       0x50 build/stm32l476_startup.o
                0x0000000008004478                Reset_Handler
 .text.Default_Handler
                0x00000000080044c8        0x2 build/stm32l476_startup.o
                0x00000000080044c8                RTC_Alarm_IRQHandler
                0x00000000080044c8                EXTI2_IRQHandler
                0x00000000080044c8                TIM8_TRG_COM_IRQHandler
                0x00000000080044c8                TIM8_CC_IRQHandler
                0x00000000080044c8                TIM1_CC_IRQHandler
                0x00000000080044c8                TSC_IRQHandler
                0x00000000080044c8                TAMP_STAMP_IRQHandler
                0x00000000080044c8                EXTI3_IRQHandler
                0x00000000080044c8                LPTIM2_IRQHandler
                0x00000000080044c8                DFSDM1_FLT1_IRQHandler
                0x00000000080044c8                I2C3_ER_IRQHandler
                0x00000000080044c8                DFSDM1_FLT2_IRQHandler
                0x00000000080044c8                EXTI0_IRQHandler
                0x00000000080044c8                I2C2_EV_IRQHandler
                0x00000000080044c8                CAN1_RX0_IRQHandler
                0x00000000080044c8                FPU_IRQHandler
                0x00000000080044c8                TIM1_UP_TIM16_IRQHandler
                0x00000000080044c8                ADC1_2_IRQHandler
                0x00000000080044c8                SPI1_IRQHandler
                0x00000000080044c8                TIM6_DAC_IRQHandler
                0x00000000080044c8                TIM8_UP_IRQHandler
                0x00000000080044c8                DMA2_Channel2_IRQHandler
                0x00000000080044c8                DMA1_Channel4_IRQHandler
                0x00000000080044c8                SAI2_IRQHandler
                0x00000000080044c8                DFSDM1_FLT3_IRQHandler
                0x00000000080044c8                USART3_IRQHandler
                0x00000000080044c8                DMA1_Channel7_IRQHandler
                0x00000000080044c8                CAN1_RX1_IRQHandler
                0x00000000080044c8                LCD_IRQHandler
                0x00000000080044c8                UART5_IRQHandler
                0x00000000080044c8                ADC3_IRQHandler
                0x00000000080044c8                TIM4_IRQHandler
                0x00000000080044c8                DMA2_Channel1_IRQHandler
                0x00000000080044c8                QUADSPI_IRQHandler
                0x00000000080044c8                I2C1_EV_IRQHandler
                0x00000000080044c8                DMA1_Channel6_IRQHandler
                0x00000000080044c8                UART4_IRQHandler
                0x00000000080044c8                DMA2_Channel4_IRQHandler
                0x00000000080044c8                TIM3_IRQHandler
                0x00000000080044c8                RCC_IRQHandler
                0x00000000080044c8                DMA1_Channel1_IRQHandler
                0x00000000080044c8                Default_Handler
                0x00000000080044c8                DMA2_Channel7_IRQHandler
                0x00000000080044c8                TIM7_IRQHandler
                0x00000000080044c8                SDMMC1_IRQHandler
                0x00000000080044c8                TIM5_IRQHandler
                0x00000000080044c8                I2C3_EV_IRQHandler
                0x00000000080044c8                EXTI9_5_IRQHandler
                0x00000000080044c8                RTC_WKUP_IRQHandler
                0x00000000080044c8                PVD_PVM_IRQHandler
                0x00000000080044c8                SPI2_IRQHandler
                0x00000000080044c8                CAN1_TX_IRQHandler
                0x00000000080044c8                DMA2_Channel5_IRQHandler
                0x00000000080044c8                DMA1_Channel5_IRQHandler
                0x00000000080044c8                EXTI4_IRQHandler
                0x00000000080044c8                RNG_IRQHandler
                0x00000000080044c8                TIM1_TRG_COM_TIM17_IRQHandler
                0x00000000080044c8                DMA1_Channel3_IRQHandler
                0x00000000080044c8                COMP_IRQHandler
                0x00000000080044c8                WWDG_IRQHandler
                0x00000000080044c8                LPUART1_IRQHandler
                0x00000000080044c8                DMA2_Channel6_IRQHandler
                0x00000000080044c8                TIM2_IRQHandler
                0x00000000080044c8                EXTI1_IRQHandler
                0x00000000080044c8                DFSDM1_FLT0_IRQHandler
                0x00000000080044c8                I2C2_ER_IRQHandler
                0x00000000080044c8                DMA1_Channel2_IRQHandler
                0x00000000080044c8                TIM8_BRK_IRQHandler
                0x00000000080044c8                CAN1_SCE_IRQHandler
                0x00000000080044c8                FLASH_IRQHandler
                0x00000000080044c8                USART1_IRQHandler
                0x00000000080044c8                OTG_FS_IRQHandler
                0x00000000080044c8                SPI3_IRQHandler
                0x00000000080044c8                I2C1_ER_IRQHandler
                0x00000000080044c8                FMC_IRQHandler
                0x00000000080044c8                SWPMI1_IRQHandler
                0x00000000080044c8                LPTIM1_IRQHandler
                0x00000000080044c8                SAI1_IRQHandler
                0x00000000080044c8                DMA2_Channel3_IRQHandler
                0x00000000080044c8                TIM1_BRK_TIM15_IRQHandler
 *(.glue_7)
 .glue_7        0x00000000080044ca        0x0 linker stubs
 *(.glue_7t)
 .glue_7t       0x00000000080044ca        0x0 linker stubs
 *(.eh_frame)
 *fill*         0x00000000080044ca        0x2 
 .eh_frame      0x00000000080044cc        0x0 /usr/lib/gcc/arm-none-eabi/6.3.1/thumb/v7e-m/fpv4-sp/hard/crtbegin.o
 .eh_frame      0x00000000080044cc        0x4 /usr/lib/gcc/arm-none-eabi/6.3.1/thumb/v7e-m/fpv4-sp/hard/crtend.o
 *(.init)
 .init          0x00000000080044d0        0x4 /usr/lib/gcc/arm-none-eabi/6.3.1/thumb/v7e-m/fpv4-sp/hard/crti.o
                0x00000000080044d0                _init
 .init          0x00000000080044d4        0x8 /usr/lib/gcc/arm-none-eabi/6.3.1/thumb/v7e-m/fpv4-sp/hard/crtn.o
 *(.fini)
 .fini          0x00000000080044dc        0x4 /usr/lib/gcc/arm-none-eabi/6.3.1/thumb/v7e-m/fpv4-sp/hard/crti.o
                0x00000000080044dc                _fini
 .fini          0x00000000080044e0        0x8 /usr/lib/gcc/arm-none-eabi/6.3.1/thumb/v7e-m/fpv4-sp/hard/crtn.o
                0x00000000080044e8                . = ALIGN (0x8)
                0x00000000080044e8                _etext = .

.vfp11_veneer   0x00000000080044e8        0x0
 .vfp11_veneer  0x00000000080044e8        0x0 linker stubs

.v4_bx          0x00000000080044e8        0x0
 .v4_bx         0x00000000080044e8        0x0 linker stubs

.iplt           0x00000000080044e8        0x0
 .iplt          0x00000000080044e8        0x0 /usr/lib/gcc/arm-none-eabi/6.3.1/thumb/v7e-m/fpv4-sp/hard/crtbegin.o

.rodata         0x00000000080044e8       0x80
                0x00000000080044e8                . = ALIGN (0x8)
 *(.rodata)
 .rodata        0x00000000080044e8        0x4 /usr/lib/gcc/arm-none-eabi/6.3.1/../../../arm-none-eabi/lib/thumb/v7e-m/fpv4-sp/hard/libc_nano.a(lib_a-impure.o)
                0x00000000080044e8                _global_impure_ptr
 *(.rodata*)
 .rodata.str1.4
                0x00000000080044ec        0x4 /usr/lib/gcc/arm-none-eabi/6.3.1/../../../arm-none-eabi/lib/thumb/v7e-m/fpv4-sp/hard/libc_nano.a(lib_a-impure.o)
                                          0x2 (size before relaxing)
 .rodata.main.str1.1
                0x00000000080044f0       0x13 ./build/main.o
 .rodata.CSWTCH.49
                0x0000000008004503        0x4 ./build/stm32l4xx_hal_uart.o
 .rodata.CSWTCH.50
                0x0000000008004507        0xd ./build/stm32l4xx_hal_uart.o
 .rodata.BUTTON_IRQn
                0x0000000008004514        0x2 ./build/stm32l4xx_nucleo.o
                0x0000000008004514                BUTTON_IRQn
 .rodata.BUTTON_PIN
                0x0000000008004516        0x2 ./build/stm32l4xx_nucleo.o
                0x0000000008004516                BUTTON_PIN
 .rodata.GPIO_PIN
                0x0000000008004518        0x2 ./build/stm32l4xx_nucleo.o
                0x0000000008004518                GPIO_PIN
 .rodata.AHBPrescTable
                0x000000000800451a       0x10 ./build/system_stm32l4xx.o
                0x000000000800451a                AHBPrescTable
 .rodata.APBPrescTable
                0x000000000800452a        0x8 ./build/system_stm32l4xx.o
                0x000000000800452a                APBPrescTable
 *fill*         0x0000000008004532        0x2 
 .rodata.MSIRangeTable
                0x0000000008004534       0x30 ./build/system_stm32l4xx.o
                0x0000000008004534                MSIRangeTable
                0x0000000008004568                . = ALIGN (0x8)
 *fill*         0x0000000008004564        0x4 

.ARM.extab      0x0000000008004568        0x0
                0x0000000008004568                . = ALIGN (0x8)
 *(.ARM.extab* .gnu.linkonce.armextab.*)
 .ARM.extab     0x0000000008004568        0x0 /usr/lib/gcc/arm-none-eabi/6.3.1/../../../arm-none-eabi/lib/thumb/v7e-m/fpv4-sp/hard/crt0.o
 .ARM.extab     0x0000000008004568        0x0 /usr/lib/gcc/arm-none-eabi/6.3.1/thumb/v7e-m/fpv4-sp/hard/libgcc.a(_udivmoddi4.o)
                0x0000000008004568                . = ALIGN (0x8)

.ARM            0x0000000008004568        0x8
                0x0000000008004568                . = ALIGN (0x8)
                0x0000000008004568                __exidx_start = .
 *(.ARM.exidx*)
 .ARM.exidx     0x0000000008004568        0x8 /usr/lib/gcc/arm-none-eabi/6.3.1/../../../arm-none-eabi/lib/thumb/v7e-m/fpv4-sp/hard/crt0.o
 .ARM.exidx     0x0000000008004570        0x0 /usr/lib/gcc/arm-none-eabi/6.3.1/thumb/v7e-m/fpv4-sp/hard/libgcc.a(_udivmoddi4.o)
                                          0x8 (size before relaxing)
                0x0000000008004570                __exidx_end = .
                0x0000000008004570                . = ALIGN (0x8)

.rel.dyn        0x0000000008004570        0x0
 .rel.iplt      0x0000000008004570        0x0 /usr/lib/gcc/arm-none-eabi/6.3.1/thumb/v7e-m/fpv4-sp/hard/crtbegin.o

.preinit_array  0x0000000008004570        0x0
                0x0000000008004570                . = ALIGN (0x8)
                0x0000000008004570                PROVIDE (__preinit_array_start, .)
 *(.preinit_array*)
                0x0000000008004570                PROVIDE (__preinit_array_end, .)
                0x0000000008004570                . = ALIGN (0x8)

.init_array     0x0000000008004570        0x8
                0x0000000008004570                . = ALIGN (0x8)
                0x0000000008004570                PROVIDE (__init_array_start, .)
 *(SORT(.init_array.*))
 *(.init_array*)
 .init_array    0x0000000008004570        0x4 /usr/lib/gcc/arm-none-eabi/6.3.1/thumb/v7e-m/fpv4-sp/hard/crtbegin.o
                0x0000000008004574                PROVIDE (__init_array_end, .)
                0x0000000008004578                . = ALIGN (0x8)
 *fill*         0x0000000008004574        0x4 

.fini_array     0x0000000008004578        0x8
                0x0000000008004578                . = ALIGN (0x8)
                0x0000000008004578                PROVIDE (__fini_array_start, .)
 *(SORT(.fini_array.*))
 *(.fini_array*)
 .fini_array    0x0000000008004578        0x4 /usr/lib/gcc/arm-none-eabi/6.3.1/thumb/v7e-m/fpv4-sp/hard/crtbegin.o
                0x000000000800457c                PROVIDE (__fini_array_end, .)
                0x0000000008004580                . = ALIGN (0x8)
 *fill*         0x000000000800457c        0x4 
                0x0000000008004580                _sidata = LOADADDR (.data)

.data           0x0000000020000000       0x90 load address 0x0000000008004580
                0x0000000020000000                . = ALIGN (0x8)
                0x0000000020000000                _sdata = .
 *(.data)
 .data          0x0000000020000000        0x0 /usr/lib/gcc/arm-none-eabi/6.3.1/thumb/v7e-m/fpv4-sp/hard/crti.o
 .data          0x0000000020000000        0x4 /usr/lib/gcc/arm-none-eabi/6.3.1/thumb/v7e-m/fpv4-sp/hard/crtbegin.o
                0x0000000020000000                __dso_handle
 .data          0x0000000020000004        0x0 /usr/lib/gcc/arm-none-eabi/6.3.1/../../../arm-none-eabi/lib/thumb/v7e-m/fpv4-sp/hard/crt0.o
 .data          0x0000000020000004        0x0 /usr/lib/gcc/arm-none-eabi/6.3.1/../../../arm-none-eabi/lib/thumb/v7e-m/fpv4-sp/hard/libc_nano.a(lib_a-atexit.o)
 .data          0x0000000020000004        0x0 /usr/lib/gcc/arm-none-eabi/6.3.1/../../../arm-none-eabi/lib/thumb/v7e-m/fpv4-sp/hard/libc_nano.a(lib_a-exit.o)
 .data          0x0000000020000004        0x0 /usr/lib/gcc/arm-none-eabi/6.3.1/../../../arm-none-eabi/lib/thumb/v7e-m/fpv4-sp/hard/libc_nano.a(lib_a-fini.o)
 .data          0x0000000020000004       0x64 /usr/lib/gcc/arm-none-eabi/6.3.1/../../../arm-none-eabi/lib/thumb/v7e-m/fpv4-sp/hard/libc_nano.a(lib_a-impure.o)
                0x0000000020000004                _impure_ptr
 .data          0x0000000020000068        0x0 /usr/lib/gcc/arm-none-eabi/6.3.1/../../../arm-none-eabi/lib/thumb/v7e-m/fpv4-sp/hard/libc_nano.a(lib_a-init.o)
 .data          0x0000000020000068        0x0 /usr/lib/gcc/arm-none-eabi/6.3.1/../../../arm-none-eabi/lib/thumb/v7e-m/fpv4-sp/hard/libc_nano.a(lib_a-memset.o)
 .data          0x0000000020000068        0x4 /usr/lib/gcc/arm-none-eabi/6.3.1/../../../arm-none-eabi/lib/thumb/v7e-m/fpv4-sp/hard/libc_nano.a(lib_a-__atexit.o)
                0x0000000020000068                __atexit_dummy
 .data          0x000000002000006c        0x0 /usr/lib/gcc/arm-none-eabi/6.3.1/../../../arm-none-eabi/lib/thumb/v7e-m/fpv4-sp/hard/libc_nano.a(lib_a-__call_atexit.o)
 .data          0x000000002000006c        0x0 ./build/main.o
 .data          0x000000002000006c        0x0 ./build/stm32l4xx_it.o
 .data          0x000000002000006c        0x0 ./build/stm32l4xx_hal.o
 .data          0x000000002000006c        0x0 ./build/stm32l4xx_hal_cortex.o
 .data          0x000000002000006c        0x0 ./build/stm32l4xx_hal_rcc.o
 .data          0x000000002000006c        0x0 ./build/stm32l4xx_hal_pwr_ex.o
 .data          0x000000002000006c        0x0 ./build/stm32l4xx_hal_gpio.o
 .data          0x000000002000006c        0x0 ./build/stm32l4xx_hal_pwr.o
 .data          0x000000002000006c        0x0 ./build/stm32l4xx_hal_uart.o
 .data          0x000000002000006c        0x0 ./build/stm32l4xx_hal_dma.o
 .data          0x000000002000006c        0x0 ./build/stm32l4xx_hal_uart_ex.o
 .data          0x000000002000006c        0x0 ./build/stm32l4xx_nucleo.o
 .data          0x000000002000006c        0x0 ./build/stm32l4xx_hal_wwdg.o
 .data          0x000000002000006c        0x0 ./build/system_stm32l4xx.o
 .data          0x000000002000006c        0x0 build/stm32l476_startup.o
 .data          0x000000002000006c        0x0 /usr/lib/gcc/arm-none-eabi/6.3.1/thumb/v7e-m/fpv4-sp/hard/libgcc.a(_aeabi_uldivmod.o)
 .data          0x000000002000006c        0x0 /usr/lib/gcc/arm-none-eabi/6.3.1/thumb/v7e-m/fpv4-sp/hard/libgcc.a(_udivmoddi4.o)
 .data          0x000000002000006c        0x0 /usr/lib/gcc/arm-none-eabi/6.3.1/thumb/v7e-m/fpv4-sp/hard/libgcc.a(_dvmd_tls.o)
 .data          0x000000002000006c        0x0 /usr/lib/gcc/arm-none-eabi/6.3.1/../../../arm-none-eabi/lib/thumb/v7e-m/fpv4-sp/hard/libc_nano.a(lib_a-strlen.o)
 .data          0x000000002000006c        0x0 /usr/lib/gcc/arm-none-eabi/6.3.1/../../../arm-none-eabi/lib/thumb/v7e-m/fpv4-sp/hard/libnosys.a(_exit.o)
 .data          0x000000002000006c        0x0 /usr/lib/gcc/arm-none-eabi/6.3.1/thumb/v7e-m/fpv4-sp/hard/crtend.o
 .data          0x000000002000006c        0x0 /usr/lib/gcc/arm-none-eabi/6.3.1/thumb/v7e-m/fpv4-sp/hard/crtn.o
 *(.data*)
 .data.aTxStartMessage
                0x000000002000006c        0xe ./build/main.o
                0x000000002000006c                aTxStartMessage
 .data.ubSizeToSend
                0x000000002000007a        0x1 ./build/main.o
                0x000000002000007a                ubSizeToSend
 *fill*         0x000000002000007b        0x1 
 .data.uwTickFreq
                0x000000002000007c        0x4 ./build/stm32l4xx_hal.o
                0x000000002000007c                uwTickFreq
 .data.uwTickPrio
                0x0000000020000080        0x4 ./build/stm32l4xx_hal.o
                0x0000000020000080                uwTickPrio
 .data.BUTTON_PORT
                0x0000000020000084        0x4 ./build/stm32l4xx_nucleo.o
                0x0000000020000084                BUTTON_PORT
 .data.GPIO_PORT
                0x0000000020000088        0x4 ./build/stm32l4xx_nucleo.o
                0x0000000020000088                GPIO_PORT
 .data.SystemCoreClock
                0x000000002000008c        0x4 ./build/system_stm32l4xx.o
                0x000000002000008c                SystemCoreClock
                0x0000000020000090                . = ALIGN (0x8)
                0x0000000020000090                _edata = .

.jcr            0x0000000020000090        0x4 load address 0x0000000008004610
 .jcr           0x0000000020000090        0x0 /usr/lib/gcc/arm-none-eabi/6.3.1/thumb/v7e-m/fpv4-sp/hard/crtbegin.o
 .jcr           0x0000000020000090        0x4 /usr/lib/gcc/arm-none-eabi/6.3.1/thumb/v7e-m/fpv4-sp/hard/crtend.o

.tm_clone_table
                0x0000000020000094        0x0 load address 0x0000000008004614
 .tm_clone_table
                0x0000000020000094        0x0 /usr/lib/gcc/arm-none-eabi/6.3.1/thumb/v7e-m/fpv4-sp/hard/crtbegin.o
 .tm_clone_table
                0x0000000020000094        0x0 /usr/lib/gcc/arm-none-eabi/6.3.1/thumb/v7e-m/fpv4-sp/hard/crtend.o

.igot.plt       0x0000000020000094        0x0 load address 0x0000000008004614
 .igot.plt      0x0000000020000094        0x0 /usr/lib/gcc/arm-none-eabi/6.3.1/thumb/v7e-m/fpv4-sp/hard/crtbegin.o
                0x0000000020000094                . = ALIGN (0x4)

.bss            0x0000000020000094      0x16c load address 0x0000000008004614
                0x0000000020000094                _sbss = .
                0x0000000020000094                __bss_start__ = _sbss
 *(.bss)
 .bss           0x0000000020000094        0x0 /usr/lib/gcc/arm-none-eabi/6.3.1/thumb/v7e-m/fpv4-sp/hard/crti.o
 .bss           0x0000000020000094       0x1c /usr/lib/gcc/arm-none-eabi/6.3.1/thumb/v7e-m/fpv4-sp/hard/crtbegin.o
 .bss           0x00000000200000b0        0x0 /usr/lib/gcc/arm-none-eabi/6.3.1/../../../arm-none-eabi/lib/thumb/v7e-m/fpv4-sp/hard/crt0.o
 .bss           0x00000000200000b0        0x0 /usr/lib/gcc/arm-none-eabi/6.3.1/../../../arm-none-eabi/lib/thumb/v7e-m/fpv4-sp/hard/libc_nano.a(lib_a-atexit.o)
 .bss           0x00000000200000b0        0x0 /usr/lib/gcc/arm-none-eabi/6.3.1/../../../arm-none-eabi/lib/thumb/v7e-m/fpv4-sp/hard/libc_nano.a(lib_a-exit.o)
 .bss           0x00000000200000b0        0x0 /usr/lib/gcc/arm-none-eabi/6.3.1/../../../arm-none-eabi/lib/thumb/v7e-m/fpv4-sp/hard/libc_nano.a(lib_a-fini.o)
 .bss           0x00000000200000b0        0x0 /usr/lib/gcc/arm-none-eabi/6.3.1/../../../arm-none-eabi/lib/thumb/v7e-m/fpv4-sp/hard/libc_nano.a(lib_a-impure.o)
 .bss           0x00000000200000b0        0x0 /usr/lib/gcc/arm-none-eabi/6.3.1/../../../arm-none-eabi/lib/thumb/v7e-m/fpv4-sp/hard/libc_nano.a(lib_a-init.o)
 .bss           0x00000000200000b0        0x0 /usr/lib/gcc/arm-none-eabi/6.3.1/../../../arm-none-eabi/lib/thumb/v7e-m/fpv4-sp/hard/libc_nano.a(lib_a-memset.o)
 .bss           0x00000000200000b0       0x8c /usr/lib/gcc/arm-none-eabi/6.3.1/../../../arm-none-eabi/lib/thumb/v7e-m/fpv4-sp/hard/libc_nano.a(lib_a-__atexit.o)
 .bss           0x000000002000013c        0x4 /usr/lib/gcc/arm-none-eabi/6.3.1/../../../arm-none-eabi/lib/thumb/v7e-m/fpv4-sp/hard/libc_nano.a(lib_a-__call_atexit.o)
                0x000000002000013c                _global_atexit
 .bss           0x0000000020000140        0x0 ./build/main.o
 .bss           0x0000000020000140        0x0 ./build/stm32l4xx_it.o
 .bss           0x0000000020000140        0x0 ./build/stm32l4xx_hal.o
 .bss           0x0000000020000140        0x0 ./build/stm32l4xx_hal_cortex.o
 .bss           0x0000000020000140        0x0 ./build/stm32l4xx_hal_rcc.o
 .bss           0x0000000020000140        0x0 ./build/stm32l4xx_hal_pwr_ex.o
 .bss           0x0000000020000140        0x0 ./build/stm32l4xx_hal_gpio.o
 .bss           0x0000000020000140        0x0 ./build/stm32l4xx_hal_pwr.o
 .bss           0x0000000020000140        0x0 ./build/stm32l4xx_hal_uart.o
 .bss           0x0000000020000140        0x0 ./build/stm32l4xx_hal_dma.o
 .bss           0x0000000020000140        0x0 ./build/stm32l4xx_hal_uart_ex.o
 .bss           0x0000000020000140        0x0 ./build/stm32l4xx_nucleo.o
 .bss           0x0000000020000140        0x0 ./build/stm32l4xx_hal_wwdg.o
 .bss           0x0000000020000140        0x0 ./build/system_stm32l4xx.o
 .bss           0x0000000020000140        0x0 build/stm32l476_startup.o
 .bss           0x0000000020000140        0x0 /usr/lib/gcc/arm-none-eabi/6.3.1/thumb/v7e-m/fpv4-sp/hard/libgcc.a(_aeabi_uldivmod.o)
 .bss           0x0000000020000140        0x0 /usr/lib/gcc/arm-none-eabi/6.3.1/thumb/v7e-m/fpv4-sp/hard/libgcc.a(_udivmoddi4.o)
 .bss           0x0000000020000140        0x0 /usr/lib/gcc/arm-none-eabi/6.3.1/thumb/v7e-m/fpv4-sp/hard/libgcc.a(_dvmd_tls.o)
 .bss           0x0000000020000140        0x0 /usr/lib/gcc/arm-none-eabi/6.3.1/../../../arm-none-eabi/lib/thumb/v7e-m/fpv4-sp/hard/libc_nano.a(lib_a-strlen.o)
 .bss           0x0000000020000140        0x0 /usr/lib/gcc/arm-none-eabi/6.3.1/../../../arm-none-eabi/lib/thumb/v7e-m/fpv4-sp/hard/libnosys.a(_exit.o)
 .bss           0x0000000020000140        0x0 /usr/lib/gcc/arm-none-eabi/6.3.1/thumb/v7e-m/fpv4-sp/hard/crtend.o
 .bss           0x0000000020000140        0x0 /usr/lib/gcc/arm-none-eabi/6.3.1/thumb/v7e-m/fpv4-sp/hard/crtn.o
 *(.bss*)
 .bss.WwdgHandle
                0x0000000020000140       0x14 ./build/main.o
 .bss.uwBufferReadyIndication
                0x0000000020000154        0x4 ./build/main.o
                0x0000000020000154                uwBufferReadyIndication
 .bss.uwNbReceivedChars
                0x0000000020000158        0x4 ./build/main.o
                0x0000000020000158                uwNbReceivedChars
 *(COMMON)
 COMMON         0x000000002000015c       0x9e ./build/main.o
                0x000000002000015c                pBufferReadyForReception
                0x0000000020000160                aRXBufferA
                0x000000002000016c                pBufferReadyForUser
                0x0000000020000170                UartHandle
                0x00000000200001f0                aRXBufferB
 *fill*         0x00000000200001fa        0x2 
 COMMON         0x00000000200001fc        0x4 ./build/stm32l4xx_hal.o
                0x00000000200001fc                uwTick
                0x0000000020000200                . = ALIGN (0x4)
                0x0000000020000200                _ebss = .
                0x0000000020000200                __bss_end__ = _ebss

._user_heap_stack
                0x0000000020000200      0x600 load address 0x0000000008004614
                0x0000000020000200                . = ALIGN (0x8)
                [!provide]                        PROVIDE (end, .)
                [!provide]                        PROVIDE (_end, .)
                0x0000000020000400                . = (. + _Min_Heap_Size)
 *fill*         0x0000000020000200      0x200 
                0x0000000020000800                . = (. + _Min_Stack_Size)
 *fill*         0x0000000020000400      0x400 
                0x0000000020000800                . = ALIGN (0x8)

/DISCARD/
 libc.a(*)
 libm.a(*)
 libgcc.a(*)

.ARM.attributes
                0x0000000000000000       0x30
 *(.ARM.attributes)
 .ARM.attributes
                0x0000000000000000       0x22 /usr/lib/gcc/arm-none-eabi/6.3.1/thumb/v7e-m/fpv4-sp/hard/crti.o
 .ARM.attributes
                0x0000000000000022       0x34 /usr/lib/gcc/arm-none-eabi/6.3.1/thumb/v7e-m/fpv4-sp/hard/crtbegin.o
 .ARM.attributes
                0x0000000000000056       0x20 /usr/lib/gcc/arm-none-eabi/6.3.1/../../../arm-none-eabi/lib/thumb/v7e-m/fpv4-sp/hard/crt0.o
 .ARM.attributes
                0x0000000000000076       0x34 /usr/lib/gcc/arm-none-eabi/6.3.1/../../../arm-none-eabi/lib/thumb/v7e-m/fpv4-sp/hard/libc_nano.a(lib_a-atexit.o)
 .ARM.attributes
                0x00000000000000aa       0x34 /usr/lib/gcc/arm-none-eabi/6.3.1/../../../arm-none-eabi/lib/thumb/v7e-m/fpv4-sp/hard/libc_nano.a(lib_a-exit.o)
 .ARM.attributes
                0x00000000000000de       0x34 /usr/lib/gcc/arm-none-eabi/6.3.1/../../../arm-none-eabi/lib/thumb/v7e-m/fpv4-sp/hard/libc_nano.a(lib_a-fini.o)
 .ARM.attributes
                0x0000000000000112       0x34 /usr/lib/gcc/arm-none-eabi/6.3.1/../../../arm-none-eabi/lib/thumb/v7e-m/fpv4-sp/hard/libc_nano.a(lib_a-impure.o)
 .ARM.attributes
                0x0000000000000146       0x34 /usr/lib/gcc/arm-none-eabi/6.3.1/../../../arm-none-eabi/lib/thumb/v7e-m/fpv4-sp/hard/libc_nano.a(lib_a-init.o)
 .ARM.attributes
                0x000000000000017a       0x34 /usr/lib/gcc/arm-none-eabi/6.3.1/../../../arm-none-eabi/lib/thumb/v7e-m/fpv4-sp/hard/libc_nano.a(lib_a-memset.o)
 .ARM.attributes
                0x00000000000001ae       0x34 /usr/lib/gcc/arm-none-eabi/6.3.1/../../../arm-none-eabi/lib/thumb/v7e-m/fpv4-sp/hard/libc_nano.a(lib_a-__atexit.o)
 .ARM.attributes
                0x00000000000001e2       0x34 /usr/lib/gcc/arm-none-eabi/6.3.1/../../../arm-none-eabi/lib/thumb/v7e-m/fpv4-sp/hard/libc_nano.a(lib_a-__call_atexit.o)
 .ARM.attributes
                0x0000000000000216       0x39 ./build/main.o
 .ARM.attributes
                0x000000000000024f       0x39 ./build/stm32l4xx_it.o
 .ARM.attributes
                0x0000000000000288       0x39 ./build/stm32l4xx_hal.o
 .ARM.attributes
                0x00000000000002c1       0x39 ./build/stm32l4xx_hal_cortex.o
 .ARM.attributes
                0x00000000000002fa       0x39 ./build/stm32l4xx_hal_rcc.o
 .ARM.attributes
                0x0000000000000333       0x39 ./build/stm32l4xx_hal_pwr_ex.o
 .ARM.attributes
                0x000000000000036c       0x39 ./build/stm32l4xx_hal_gpio.o
 .ARM.attributes
                0x00000000000003a5       0x39 ./build/stm32l4xx_hal_pwr.o
 .ARM.attributes
                0x00000000000003de       0x39 ./build/stm32l4xx_hal_uart.o
 .ARM.attributes
                0x0000000000000417       0x39 ./build/stm32l4xx_hal_dma.o
 .ARM.attributes
                0x0000000000000450       0x39 ./build/stm32l4xx_hal_uart_ex.o
 .ARM.attributes
                0x0000000000000489       0x39 ./build/stm32l4xx_nucleo.o
 .ARM.attributes
                0x00000000000004c2       0x39 ./build/stm32l4xx_hal_wwdg.o
 .ARM.attributes
                0x00000000000004fb       0x39 ./build/system_stm32l4xx.o
 .ARM.attributes
                0x0000000000000534       0x21 build/stm32l476_startup.o
 .ARM.attributes
                0x0000000000000555       0x22 /usr/lib/gcc/arm-none-eabi/6.3.1/thumb/v7e-m/fpv4-sp/hard/libgcc.a(_aeabi_uldivmod.o)
 .ARM.attributes
                0x0000000000000577       0x34 /usr/lib/gcc/arm-none-eabi/6.3.1/thumb/v7e-m/fpv4-sp/hard/libgcc.a(_udivmoddi4.o)
 .ARM.attributes
[...]
HAL_UART_Abort                                    ./build/stm32l4xx_hal_uart.o
HAL_UART_AbortCpltCallback                        ./build/stm32l4xx_hal_uart.o
HAL_UART_AbortReceive                             ./build/stm32l4xx_hal_uart.o
HAL_UART_AbortReceiveCpltCallback                 ./build/stm32l4xx_hal_uart.o
HAL_UART_AbortReceive_IT                          ./build/stm32l4xx_hal_uart.o
HAL_UART_AbortTransmit                            ./build/stm32l4xx_hal_uart.o
HAL_UART_AbortTransmitCpltCallback                ./build/stm32l4xx_hal_uart.o
HAL_UART_AbortTransmit_IT                         ./build/stm32l4xx_hal_uart.o
HAL_UART_Abort_IT                                 ./build/stm32l4xx_hal_uart.o
HAL_UART_DMAPause                                 ./build/stm32l4xx_hal_uart.o
HAL_UART_DMAResume                                ./build/stm32l4xx_hal_uart.o
HAL_UART_DMAStop                                  ./build/stm32l4xx_hal_uart.o
HAL_UART_DeInit                                   ./build/stm32l4xx_hal_uart.o
HAL_UART_ErrorCallback                            ./build/stm32l4xx_hal_uart.o
HAL_UART_GetError                                 ./build/stm32l4xx_hal_uart.o
HAL_UART_GetState                                 ./build/stm32l4xx_hal_uart.o
HAL_UART_IRQHandler                               ./build/stm32l4xx_hal_uart.o
HAL_UART_Init                                     ./build/stm32l4xx_hal_uart.o
                                                  ./build/main.o
HAL_UART_MspDeInit                                ./build/stm32l4xx_hal_uart.o
HAL_UART_MspInit                                  ./build/stm32l4xx_hal_uart.o
                                                  ./build/stm32l4xx_hal_uart_ex.o
HAL_UART_Receive                                  ./build/stm32l4xx_hal_uart.o
HAL_UART_Receive_DMA                              ./build/stm32l4xx_hal_uart.o
HAL_UART_Receive_IT                               ./build/stm32l4xx_hal_uart.o
HAL_UART_RxCpltCallback                           ./build/stm32l4xx_hal_uart.o
HAL_UART_RxHalfCpltCallback                       ./build/stm32l4xx_hal_uart.o
HAL_UART_Transmit                                 ./build/stm32l4xx_hal_uart.o
                                                  ./build/main.o
HAL_UART_Transmit_DMA                             ./build/stm32l4xx_hal_uart.o
HAL_UART_Transmit_IT                              ./build/stm32l4xx_hal_uart.o
HAL_UART_TxCpltCallback                           ./build/stm32l4xx_hal_uart.o
HAL_UART_TxHalfCpltCallback                       ./build/stm32l4xx_hal_uart.o
HAL_WWDG_EarlyWakeupCallback                      ./build/stm32l4xx_hal_wwdg.o
HAL_WWDG_IRQHandler                               ./build/stm32l4xx_hal_wwdg.o
HAL_WWDG_Init                                     ./build/stm32l4xx_hal_wwdg.o
                                                  ./build/main.o
HAL_WWDG_MspInit                                  ./build/stm32l4xx_hal_wwdg.o
HAL_WWDG_Refresh                                  ./build/stm32l4xx_hal_wwdg.o
                                                  ./build/main.o
HardFault_Handler                                 ./build/stm32l4xx_it.o
I2C1_ER_IRQHandler                                build/stm32l476_startup.o
I2C1_EV_IRQHandler                                build/stm32l476_startup.o
I2C2_ER_IRQHandler                                build/stm32l476_startup.o
I2C2_EV_IRQHandler                                build/stm32l476_startup.o
I2C3_ER_IRQHandler                                build/stm32l476_startup.o
I2C3_EV_IRQHandler                                build/stm32l476_startup.o
LCD_IRQHandler                                    build/stm32l476_startup.o
LPTIM1_IRQHandler                                 build/stm32l476_startup.o
LPTIM2_IRQHandler                                 build/stm32l476_startup.o
LPUART1_IRQHandler                                build/stm32l476_startup.o
MSIRangeTable                                     ./build/system_stm32l4xx.o
                                                  ./build/stm32l4xx_hal_rcc.o
MemManage_Handler                                 ./build/stm32l4xx_it.o
NMI_Handler                                       ./build/stm32l4xx_it.o
OTG_FS_IRQHandler                                 build/stm32l476_startup.o
PVD_PVM_IRQHandler                                build/stm32l476_startup.o
PendSV_Handler                                    ./build/stm32l4xx_it.o
QUADSPI_IRQHandler                                build/stm32l476_startup.o
RCC_IRQHandler                                    build/stm32l476_startup.o
RNG_IRQHandler                                    build/stm32l476_startup.o
RTC_Alarm_IRQHandler                              build/stm32l476_startup.o
RTC_WKUP_IRQHandler                               build/stm32l476_startup.o
Reset_Handler                                     build/stm32l476_startup.o
SAI1_IRQHandler                                   build/stm32l476_startup.o
SAI2_IRQHandler                                   build/stm32l476_startup.o
SDMMC1_IRQHandler                                 build/stm32l476_startup.o
SPI1_IRQHandler                                   build/stm32l476_startup.o
SPI2_IRQHandler                                   build/stm32l476_startup.o
SPI3_IRQHandler                                   build/stm32l476_startup.o
SVC_Handler                                       ./build/stm32l4xx_it.o
SWPMI1_IRQHandler                                 build/stm32l476_startup.o
SysTick_Handler                                   ./build/stm32l4xx_it.o
SystemCoreClock                                   ./build/system_stm32l4xx.o
                                                  ./build/stm32l4xx_hal_pwr_ex.o
                                                  ./build/stm32l4xx_hal_rcc.o
                                                  ./build/stm32l4xx_hal.o
SystemCoreClockUpdate                             ./build/system_stm32l4xx.o
SystemInit                                        ./build/system_stm32l4xx.o
                                                  build/stm32l476_startup.o
TAMP_STAMP_IRQHandler                             build/stm32l476_startup.o
TIM1_BRK_TIM15_IRQHandler                         build/stm32l476_startup.o
TIM1_CC_IRQHandler                                build/stm32l476_startup.o
TIM1_TRG_COM_TIM17_IRQHandler                     build/stm32l476_startup.o
TIM1_UP_TIM16_IRQHandler                          build/stm32l476_startup.o
TIM2_IRQHandler                                   build/stm32l476_startup.o
TIM3_IRQHandler                                   build/stm32l476_startup.o
TIM4_IRQHandler                                   build/stm32l476_startup.o
TIM5_IRQHandler                                   build/stm32l476_startup.o
TIM6_DAC_IRQHandler                               build/stm32l476_startup.o
TIM7_IRQHandler                                   build/stm32l476_startup.o
TIM8_BRK_IRQHandler                               build/stm32l476_startup.o
TIM8_CC_IRQHandler                                build/stm32l476_startup.o
TIM8_TRG_COM_IRQHandler                           build/stm32l476_startup.o
TIM8_UP_IRQHandler                                build/stm32l476_startup.o
TSC_IRQHandler                                    build/stm32l476_startup.o
UART4_IRQHandler                                  build/stm32l476_startup.o
UART5_IRQHandler                                  build/stm32l476_startup.o
UART_AdvFeatureConfig                             ./build/stm32l4xx_hal_uart.o
                                                  ./build/stm32l4xx_hal_uart_ex.o
UART_CharReception_Callback                       ./build/main.o
                                                  ./build/stm32l4xx_it.o
UART_CheckIdleState                               ./build/stm32l4xx_hal_uart.o
                                                  ./build/stm32l4xx_hal_uart_ex.o
UART_Error_Callback                               ./build/main.o
                                                  ./build/stm32l4xx_it.o
UART_SetConfig                                    ./build/stm32l4xx_hal_uart.o
                                                  ./build/stm32l4xx_hal_uart_ex.o
UART_WaitOnFlagUntilTimeout                       ./build/stm32l4xx_hal_uart.o
                                                  ./build/stm32l4xx_hal_uart_ex.o
USART1_IRQHandler                                 build/stm32l476_startup.o
USART2_IRQHandler                                 ./build/stm32l4xx_it.o
USART3_IRQHandler                                 build/stm32l476_startup.o
UartHandle                                        ./build/main.o
UsageFault_Handler                                ./build/stm32l4xx_it.o
WWDG_IRQHandler                                   build/stm32l476_startup.o
_ITM_deregisterTMCloneTable                       /usr/lib/gcc/arm-none-eabi/6.3.1/thumb/v7e-m/fpv4-sp/hard/crtbegin.o
_ITM_registerTMCloneTable                         /usr/lib/gcc/arm-none-eabi/6.3.1/thumb/v7e-m/fpv4-sp/hard/crtbegin.o
_Jv_RegisterClasses                               /usr/lib/gcc/arm-none-eabi/6.3.1/thumb/v7e-m/fpv4-sp/hard/crtbegin.o
__TMC_END__                                       /usr/lib/gcc/arm-none-eabi/6.3.1/thumb/v7e-m/fpv4-sp/hard/crtend.o
                                                  /usr/lib/gcc/arm-none-eabi/6.3.1/thumb/v7e-m/fpv4-sp/hard/crtbegin.o
__aeabi_idiv0                                     /usr/lib/gcc/arm-none-eabi/6.3.1/thumb/v7e-m/fpv4-sp/hard/libgcc.a(_dvmd_tls.o)
__aeabi_ldiv0                                     /usr/lib/gcc/arm-none-eabi/6.3.1/thumb/v7e-m/fpv4-sp/hard/libgcc.a(_dvmd_tls.o)
                                                  /usr/lib/gcc/arm-none-eabi/6.3.1/thumb/v7e-m/fpv4-sp/hard/libgcc.a(_aeabi_uldivmod.o)
__aeabi_uldivmod                                  /usr/lib/gcc/arm-none-eabi/6.3.1/thumb/v7e-m/fpv4-sp/hard/libgcc.a(_aeabi_uldivmod.o)
                                                  ./build/stm32l4xx_hal_uart.o
__atexit_dummy                                    /usr/lib/gcc/arm-none-eabi/6.3.1/../../../arm-none-eabi/lib/thumb/v7e-m/fpv4-sp/hard/libc_nano.a(lib_a-__atexit.o)
__bss_end__                                       /usr/lib/gcc/arm-none-eabi/6.3.1/../../../arm-none-eabi/lib/thumb/v7e-m/fpv4-sp/hard/crt0.o
__bss_start__                                     /usr/lib/gcc/arm-none-eabi/6.3.1/../../../arm-none-eabi/lib/thumb/v7e-m/fpv4-sp/hard/crt0.o
__call_exitprocs                                  /usr/lib/gcc/arm-none-eabi/6.3.1/../../../arm-none-eabi/lib/thumb/v7e-m/fpv4-sp/hard/libc_nano.a(lib_a-__call_atexit.o)
                                                  /usr/lib/gcc/arm-none-eabi/6.3.1/../../../arm-none-eabi/lib/thumb/v7e-m/fpv4-sp/hard/libc_nano.a(lib_a-__atexit.o)
                                                  /usr/lib/gcc/arm-none-eabi/6.3.1/../../../arm-none-eabi/lib/thumb/v7e-m/fpv4-sp/hard/libc_nano.a(lib_a-exit.o)
__deregister_frame_info                           /usr/lib/gcc/arm-none-eabi/6.3.1/thumb/v7e-m/fpv4-sp/hard/crtbegin.o
__dso_handle                                      /usr/lib/gcc/arm-none-eabi/6.3.1/thumb/v7e-m/fpv4-sp/hard/crtbegin.o
__fini_array_end                                  /usr/lib/gcc/arm-none-eabi/6.3.1/../../../arm-none-eabi/lib/thumb/v7e-m/fpv4-sp/hard/libc_nano.a(lib_a-fini.o)
__fini_array_start                                /usr/lib/gcc/arm-none-eabi/6.3.1/../../../arm-none-eabi/lib/thumb/v7e-m/fpv4-sp/hard/libc_nano.a(lib_a-fini.o)
__init_array_end                                  /usr/lib/gcc/arm-none-eabi/6.3.1/../../../arm-none-eabi/lib/thumb/v7e-m/fpv4-sp/hard/libc_nano.a(lib_a-init.o)
__init_array_start                                /usr/lib/gcc/arm-none-eabi/6.3.1/../../../arm-none-eabi/lib/thumb/v7e-m/fpv4-sp/hard/libc_nano.a(lib_a-init.o)
__libc_fini_array                                 /usr/lib/gcc/arm-none-eabi/6.3.1/../../../arm-none-eabi/lib/thumb/v7e-m/fpv4-sp/hard/libc_nano.a(lib_a-fini.o)
                                                  /usr/lib/gcc/arm-none-eabi/6.3.1/../../../arm-none-eabi/lib/thumb/v7e-m/fpv4-sp/hard/crt0.o
__libc_init_array                                 /usr/lib/gcc/arm-none-eabi/6.3.1/../../../arm-none-eabi/lib/thumb/v7e-m/fpv4-sp/hard/libc_nano.a(lib_a-init.o)
                                                  build/stm32l476_startup.o
                                                  /usr/lib/gcc/arm-none-eabi/6.3.1/../../../arm-none-eabi/lib/thumb/v7e-m/fpv4-sp/hard/crt0.o
__on_exit_args                                    /usr/lib/gcc/arm-none-eabi/6.3.1/../../../arm-none-eabi/lib/thumb/v7e-m/fpv4-sp/hard/libc_nano.a(lib_a-__atexit.o)
__preinit_array_end                               /usr/lib/gcc/arm-none-eabi/6.3.1/../../../arm-none-eabi/lib/thumb/v7e-m/fpv4-sp/hard/libc_nano.a(lib_a-init.o)
__preinit_array_start                             /usr/lib/gcc/arm-none-eabi/6.3.1/../../../arm-none-eabi/lib/thumb/v7e-m/fpv4-sp/hard/libc_nano.a(lib_a-init.o)
__register_exitproc                               /usr/lib/gcc/arm-none-eabi/6.3.1/../../../arm-none-eabi/lib/thumb/v7e-m/fpv4-sp/hard/libc_nano.a(lib_a-__atexit.o)
                                                  /usr/lib/gcc/arm-none-eabi/6.3.1/../../../arm-none-eabi/lib/thumb/v7e-m/fpv4-sp/hard/libc_nano.a(lib_a-atexit.o)
__register_frame_info                             /usr/lib/gcc/arm-none-eabi/6.3.1/thumb/v7e-m/fpv4-sp/hard/crtbegin.o
__sf_fake_stderr                                  /usr/lib/gcc/arm-none-eabi/6.3.1/../../../arm-none-eabi/lib/thumb/v7e-m/fpv4-sp/hard/libc_nano.a(lib_a-impure.o)
__sf_fake_stdin                                   /usr/lib/gcc/arm-none-eabi/6.3.1/../../../arm-none-eabi/lib/thumb/v7e-m/fpv4-sp/hard/libc_nano.a(lib_a-impure.o)
__sf_fake_stdout                                  /usr/lib/gcc/arm-none-eabi/6.3.1/../../../arm-none-eabi/lib/thumb/v7e-m/fpv4-sp/hard/libc_nano.a(lib_a-impure.o)
__stack                                           /usr/lib/gcc/arm-none-eabi/6.3.1/../../../arm-none-eabi/lib/thumb/v7e-m/fpv4-sp/hard/crt0.o
__udivmoddi4                                      /usr/lib/gcc/arm-none-eabi/6.3.1/thumb/v7e-m/fpv4-sp/hard/libgcc.a(_udivmoddi4.o)
                                                  /usr/lib/gcc/arm-none-eabi/6.3.1/thumb/v7e-m/fpv4-sp/hard/libgcc.a(_aeabi_uldivmod.o)
_ebss                                             build/stm32l476_startup.o
_edata                                            build/stm32l476_startup.o
_estack                                           build/stm32l476_startup.o
_exit                                             /usr/lib/gcc/arm-none-eabi/6.3.1/../../../arm-none-eabi/lib/thumb/v7e-m/fpv4-sp/hard/libnosys.a(_exit.o)
                                                  /usr/lib/gcc/arm-none-eabi/6.3.1/../../../arm-none-eabi/lib/thumb/v7e-m/fpv4-sp/hard/libc_nano.a(lib_a-exit.o)
_fini                                             /usr/lib/gcc/arm-none-eabi/6.3.1/thumb/v7e-m/fpv4-sp/hard/crti.o
                                                  /usr/lib/gcc/arm-none-eabi/6.3.1/../../../arm-none-eabi/lib/thumb/v7e-m/fpv4-sp/hard/libc_nano.a(lib_a-fini.o)
_global_atexit                                    /usr/lib/gcc/arm-none-eabi/6.3.1/../../../arm-none-eabi/lib/thumb/v7e-m/fpv4-sp/hard/libc_nano.a(lib_a-__call_atexit.o)
                                                  /usr/lib/gcc/arm-none-eabi/6.3.1/../../../arm-none-eabi/lib/thumb/v7e-m/fpv4-sp/hard/libc_nano.a(lib_a-__atexit.o)
_global_impure_ptr                                /usr/lib/gcc/arm-none-eabi/6.3.1/../../../arm-none-eabi/lib/thumb/v7e-m/fpv4-sp/hard/libc_nano.a(lib_a-impure.o)
                                                  /usr/lib/gcc/arm-none-eabi/6.3.1/../../../arm-none-eabi/lib/thumb/v7e-m/fpv4-sp/hard/libc_nano.a(lib_a-exit.o)
_impure_ptr                                       /usr/lib/gcc/arm-none-eabi/6.3.1/../../../arm-none-eabi/lib/thumb/v7e-m/fpv4-sp/hard/libc_nano.a(lib_a-impure.o)
_init                                             /usr/lib/gcc/arm-none-eabi/6.3.1/thumb/v7e-m/fpv4-sp/hard/crti.o
                                                  /usr/lib/gcc/arm-none-eabi/6.3.1/../../../arm-none-eabi/lib/thumb/v7e-m/fpv4-sp/hard/libc_nano.a(lib_a-init.o)
_mainCRTStartup                                   /usr/lib/gcc/arm-none-eabi/6.3.1/../../../arm-none-eabi/lib/thumb/v7e-m/fpv4-sp/hard/crt0.o
_sbss                                             build/stm32l476_startup.o
_sdata                                            build/stm32l476_startup.o
_sidata                                           build/stm32l476_startup.o
_start                                            /usr/lib/gcc/arm-none-eabi/6.3.1/../../../arm-none-eabi/lib/thumb/v7e-m/fpv4-sp/hard/crt0.o
aRXBufferA                                        ./build/main.o
aRXBufferB                                        ./build/main.o
aTxStartMessage                                   ./build/main.o
atexit                                            /usr/lib/gcc/arm-none-eabi/6.3.1/../../../arm-none-eabi/lib/thumb/v7e-m/fpv4-sp/hard/libc_nano.a(lib_a-atexit.o)
                                                  /usr/lib/gcc/arm-none-eabi/6.3.1/../../../arm-none-eabi/lib/thumb/v7e-m/fpv4-sp/hard/crt0.o
exit                                              /usr/lib/gcc/arm-none-eabi/6.3.1/../../../arm-none-eabi/lib/thumb/v7e-m/fpv4-sp/hard/libc_nano.a(lib_a-exit.o)
                                                  /usr/lib/gcc/arm-none-eabi/6.3.1/../../../arm-none-eabi/lib/thumb/v7e-m/fpv4-sp/hard/crt0.o
free                                              /usr/lib/gcc/arm-none-eabi/6.3.1/../../../arm-none-eabi/lib/thumb/v7e-m/fpv4-sp/hard/libc_nano.a(lib_a-__call_atexit.o)
g_pfnVectors                                      build/stm32l476_startup.o
hardware_init_hook                                /usr/lib/gcc/arm-none-eabi/6.3.1/../../../arm-none-eabi/lib/thumb/v7e-m/fpv4-sp/hard/crt0.o
main                                              ./build/main.o
                                                  build/stm32l476_startup.o
                                                  /usr/lib/gcc/arm-none-eabi/6.3.1/../../../arm-none-eabi/lib/thumb/v7e-m/fpv4-sp/hard/crt0.o
malloc                                            /usr/lib/gcc/arm-none-eabi/6.3.1/../../../arm-none-eabi/lib/thumb/v7e-m/fpv4-sp/hard/libc_nano.a(lib_a-__atexit.o)
memset                                            /usr/lib/gcc/arm-none-eabi/6.3.1/../../../arm-none-eabi/lib/thumb/v7e-m/fpv4-sp/hard/libc_nano.a(lib_a-memset.o)
                                                  ./build/stm32l4xx_nucleo.o
                                                  ./build/main.o
                                                  /usr/lib/gcc/arm-none-eabi/6.3.1/../../../arm-none-eabi/lib/thumb/v7e-m/fpv4-sp/hard/crt0.o
mon_printf                                        ./build/main.o
pBufferReadyForReception                          ./build/main.o
pBufferReadyForUser                               ./build/main.o
software_init_hook                                /usr/lib/gcc/arm-none-eabi/6.3.1/../../../arm-none-eabi/lib/thumb/v7e-m/fpv4-sp/hard/crt0.o
strlen                                            /usr/lib/gcc/arm-none-eabi/6.3.1/../../../arm-none-eabi/lib/thumb/v7e-m/fpv4-sp/hard/libc_nano.a(lib_a-strlen.o)
                                                  ./build/main.o
ubSizeToSend                                      ./build/main.o
uwBufferReadyIndication                           ./build/main.o
uwNbReceivedChars                                 ./build/main.o
uwTick                                            ./build/stm32l4xx_hal.o
uwTickFreq                                        ./build/stm32l4xx_hal.o
uwTickPrio                                        ./build/stm32l4xx_hal.o
                                                  ./build/stm32l4xx_hal_rcc.o
